Microchip MPLAB XC8 Compiler V3.10

Linker command line:

-W-3 \
  --edf=C:\Program Files\Microchip\xc8\v3.10\pic\dat\20250813170317_en.msgs \
  -cn -h+dist/default/production\01RTS_1.X.production.sym \
  --cmf=dist/default/production\01RTS_1.X.production.cmf -z -Q16F18875 \
  -oC:\Users\HYEJOO~1\AppData\Local\Temp\xcAsnig.0\driver_tmp_3.o \
  --defsym=__MPLAB_BUILD=1 --fixupoverflow=error \
  -Mdist/default/production/01RTS_1.X.production.map \
  --md=C:\Users\HYEJOO~1\AppData\Local\Temp\xcAsnig.0\driver_tmp_0.dat -E1 \
  -ver=XC8 Compiler -ACODE=00h-07FFhx4 -ASTRCODE=00h-01FFFh \
  -ASTRING=00h-0FFhx32 -ACONST=00h-0FFhx32 -AENTRY=00h-0FFhx32 \
  -ACOMMON=070h-07Fh -ABANK0=020h-06Fh -ABANK1=0A0h-0EFh \
  -ABANK2=0120h-016Fh -ABANK3=01A0h-01EFh -ABANK4=0220h-026Fh \
  -ABANK5=02A0h-02EFh -ABANK6=0320h-036Fh -ABANK7=03A0h-03EFh \
  -ABANK8=0420h-046Fh -ABANK9=04A0h-04EFh -ABANK10=0520h-056Fh \
  -ABANK11=05A0h-05EFh -ABANK12=0620h-064Fh -ABIGRAM=02000h-023EFh \
  -ARAM=020h-06Fh,0A0h-0EFh,0120h-016Fh,01A0h-01EFh,0220h-026Fh,02A0h-02EFh,0320h-036Fh,03A0h-03EFh,0420h-046Fh,04A0h-04EFh,0520h-056Fh,05A0h-05EFh,0620h-064Fh \
  -AABS1=020h-07Fh,0A0h-0EFh,0120h-016Fh,01A0h-01EFh,0220h-026Fh,02A0h-02EFh,0320h-036Fh,03A0h-03EFh,0420h-046Fh,04A0h-04EFh,0520h-056Fh,05A0h-05EFh,0620h-064Fh \
  -ASFR0=00h-01Fh -ASFR1=080h-09Fh -ASFR2=0100h-011Fh -ASFR3=0180h-019Fh \
  -ASFR4=0200h-021Fh -ASFR5=0280h-029Fh -ASFR6=0300h-031Fh \
  -ASFR7=0380h-039Fh -ASFR8=0400h-041Fh -ASFR9=0480h-049Fh \
  -ASFR10=0500h-051Fh -ASFR11=0580h-059Fh -ASFR12=0600h-061Fh \
  -ASFR13=0680h-06EFh -ASFR14=0700h-076Fh -ASFR15=0780h-07EFh \
  -ASFR16=0800h-086Fh -ASFR17=0880h-08EFh -ASFR18=0900h-096Fh \
  -ASFR19=0980h-09EFh -ASFR20=0A00h-0A6Fh -ASFR21=0A80h-0AEFh \
  -ASFR22=0B00h-0B6Fh -ASFR23=0B80h-0BEFh -ASFR24=0C00h-0C6Fh \
  -ASFR25=0C80h-0CEFh -ASFR26=0D00h-0D6Fh -ASFR27=0D80h-0DEFh \
  -ASFR28=0E00h-0E6Fh -ASFR29=0E80h-0EEFh -ASFR30=0F00h-0F6Fh \
  -ASFR31=0F80h-0FEFh -ACONFIG=08007h-0800Bh -DCONFIG=2 \
  -AIDLOC=08000h-08003h -DIDLOC=2 -AEEDATA=00h-0FFh/0F000h \
  -peeprom_data=EEDATA -DEEDATA=2 -DCODE=2 -DSTRCODE=2 -DSTRING=2 -DCONST=2 \
  -DENTRY=2 -preset_vec=00h,intentry=04h,sivt,init,end_init -ppowerup=CODE \
  -pcinit=CODE -pfunctab=ENTRY -k \
  C:\Users\HYEJOO~1\AppData\Local\Temp\xcAsnig.0\driver_tmp_20.o \
  dist/default/production\01RTS_1.X.production.o 

Object code version is 3.11

Machine type is 16F18875



                Name                               Link     Load   Length Selector   Space Scale
C:\Users\HYEJOO~1\AppData\Local\Temp\xcAsnig.0\driver_tmp_20.o
                end_init                             1C       1C        2        8       0
                reset_vec                             0        0        2        0       0
                config                             8007     8007        5        0       4
dist/default/production\01RTS_1.X.production.o
                cinit                                1E       1E       1F        8       0
                intentry                              4        4       18        8       0
                config                             8007     8007        5        0       4
                text44                              F4B      F4B        3     1E96       0
                text43                              FAD      FAD       11     1F5A       0
                text42                              FD0      FD0       17     1FA0       0
                text40                              F49      F49        1     1E92       0
                text39                              48F      48F       4B        8       0
                text38                              1B3      1B3       B1        8       0
                text37                              F5A      F5A        7     1EB4       0
                text36                              7EA      7EA       15      E68       0
                text35                              F61      F61        8     1EC2       0
                text34                              FE7      FE7       19     1FCE       0
                text33                              6CB      6CB       25        8       0
                text32                              5EC      5EC       3D        8       0
                text31                              3F0      3F0       51        8       0
                text30                              441      441       4E        8       0
                text29                              5AA      5AA       42        8       0
                text28                              7CD      7CD       1D      E68       0
                text27                              F4A      F4A        1     1E94       0
                text26                              F79      F79        9     1EF2       0
                text25                              F69      F69        8     1ED2       0
                text24                              4DA      4DA       47        8       0
                text23                              F71      F71        8     1EE2       0
                text22                              F4E      F4E        6     1E9C       0
                text21                              734      734       20      E68       0
                text20                              F9D      F9D       10     1F3A       0
                text19                              F8F      F8F        E     1F1E       0
                text18                              567      567       43        8       0
                text17                              264      264       7C        8       0
                text16                              F82      F82        D     1F04       0
                text15                              699      699       32        8       0
                text14                              33C      33C       5B        8       0
                text13                              FBE      FBE       12     1F7C       0
                text12                              7FF      7FF        1      E68       0
                text11                              397      397       59        8       0
                text10                              6F0      6F0       24        8       0
                text9                               521      521       46        8       0
                text8                               101      101       B2        8       0
                text7                               754      754       1F      E68       0
                text6                               2E0      2E0       5C        8       0
                text5                                3D       3D       C4        8       0
                text4                               7AF      7AF       1E      E68       0
                text3                               791      791       1E      E68       0
                text2                               629      629       3A        8       0
                text1                               663      663       36        8       0
                maintext                            773      773       1E      E68       0
                cstackBANK0                          20       20       4D       20       1
                cstackCOMMON                         70       70        A       70       1
                cstackBANK1                          CD       CD       17       A0       1
                clrtext                             F54      F54        6     1EA8       0
                bssBANK2                            120      120       20      120       1
                dataBANK1                            E6       E6        2       A0       1
                bssBANK1                             A0       A0       2D       A0       1
                bssCOMMON                            7A       7A        2       70       1
                stringtext5                        102B     102B        B     2000       0
                stringtext4                        1020     1020        B     2000       0
                stringtext3                        1013     1013        D     2000       0
                stringtext2                        1000     1000       13     2000       0
                nvBANK1                              E4       E4        2       A0       1
                stringtext1                         714      714       20      E28       0
                idataBANK1                            2        2        2        0       0

TOTAL           Name                               Link     Load   Length     Space
        CLASS   CODE           
                end_init                             1C       1C        2         0
                cinit                                1E       1E       1F         0
                intentry                              4        4       18         0
                reset_vec                             0        0        2         0
                text44                              F4B      F4B        3         0
                text43                              FAD      FAD       11         0
                text42                              FD0      FD0       17         0
                text40                              F49      F49        1         0
                text39                              48F      48F       4B         0
                text38                              1B3      1B3       B1         0
                text37                              F5A      F5A        7         0
                text36                              7EA      7EA       15         0
                text35                              F61      F61        8         0
                text34                              FE7      FE7       19         0
                text33                              6CB      6CB       25         0
                text32                              5EC      5EC       3D         0
                text31                              3F0      3F0       51         0
                text30                              441      441       4E         0
                text29                              5AA      5AA       42         0
                text28                              7CD      7CD       1D         0
                text27                              F4A      F4A        1         0
                text26                              F79      F79        9         0
                text25                              F69      F69        8         0
                text24                              4DA      4DA       47         0
                text23                              F71      F71        8         0
                text22                              F4E      F4E        6         0
                text21                              734      734       20         0
                text20                              F9D      F9D       10         0
                text19                              F8F      F8F        E         0
                text18                              567      567       43         0
                text17                              264      264       7C         0
                text16                              F82      F82        D         0
                text15                              699      699       32         0
                text14                              33C      33C       5B         0
                text13                              FBE      FBE       12         0
                text12                              7FF      7FF        1         0
                text11                              397      397       59         0
                text10                              6F0      6F0       24         0
                text9                               521      521       46         0
                text8                               101      101       B2         0
                text7                               754      754       1F         0
                text6                               2E0      2E0       5C         0
                text5                                3D       3D       C4         0
                text4                               7AF      7AF       1E         0
                text3                               791      791       1E         0
                text2                               629      629       3A         0
                text1                               663      663       36         0
                maintext                            773      773       1E         0
                clrtext                             F54      F54        6         0
                idataBANK1                            2        2        2         0

        CLASS   STRCODE        
                stringtext5                        102B     102B        B         0
                stringtext4                        1020     1020        B         0
                stringtext3                        1013     1013        D         0
                stringtext2                        1000     1000       13         0
                stringtext1                         714      714       20         0

        CLASS   STRING         

        CLASS   CONST          

        CLASS   ENTRY          

        CLASS   COMMON         
                cstackCOMMON                         70       70        A         1
                bssCOMMON                            7A       7A        2         1

        CLASS   BANK0          
                cstackBANK0                          20       20       4D         1

        CLASS   BANK1          
                cstackBANK1                          CD       CD       17         1
                dataBANK1                            E6       E6        2         1
                bssBANK1                             A0       A0       2D         1
                nvBANK1                              E4       E4        2         1

        CLASS   BANK2          
                bssBANK2                            120      120       20         1

        CLASS   BANK3          

        CLASS   BANK4          

        CLASS   BANK5          

        CLASS   BANK6          

        CLASS   BANK7          

        CLASS   BANK8          

        CLASS   BANK9          

        CLASS   BANK10         

        CLASS   BANK11         

        CLASS   BANK12         

        CLASS   BIGRAM         

        CLASS   RAM            

        CLASS   ABS1           
                abs_s1                               7E       7E        2         1

        CLASS   SFR0           

        CLASS   SFR1           

        CLASS   SFR2           

        CLASS   SFR3           

        CLASS   SFR4           

        CLASS   SFR5           

        CLASS   SFR6           

        CLASS   SFR7           

        CLASS   SFR8           

        CLASS   SFR9           

        CLASS   SFR10          

        CLASS   SFR11          

        CLASS   SFR12          

        CLASS   SFR13          

        CLASS   SFR14          

        CLASS   SFR15          

        CLASS   SFR16          

        CLASS   SFR17          

        CLASS   SFR18          

        CLASS   SFR19          

        CLASS   SFR20          

        CLASS   SFR21          

        CLASS   SFR22          

        CLASS   SFR23          

        CLASS   SFR24          

        CLASS   SFR25          

        CLASS   SFR26          

        CLASS   SFR27          

        CLASS   SFR28          

        CLASS   SFR29          

        CLASS   SFR30          

        CLASS   SFR31          

        CLASS   CONFIG         
                config                             8007     8007        5         4

        CLASS   IDLOC          

        CLASS   EEDATA         

        CLASS   BANK31         

        CLASS   BANK30         

        CLASS   BANK29         

        CLASS   BANK28         

        CLASS   BANK27         

        CLASS   BANK26         

        CLASS   BANK25         

        CLASS   BANK24         

        CLASS   BANK23         

        CLASS   BANK22         

        CLASS   BANK21         

        CLASS   BANK20         

        CLASS   BANK19         

        CLASS   BANK18         

        CLASS   BANK17         

        CLASS   BANK16         

        CLASS   BANK15         

        CLASS   BANK14         

        CLASS   BANK13         

        CLASS   HEAP           

        CLASS   STACK          



SEGMENTS        Name                           Load    Length   Top    Selector   Space  Class     Delta

                reset_vec                      000000  000004  000004         0       0  CODE        2
                intentry                       000004  000710  000714         8       0  CODE        2
                cstackBANK0                    000020  00004D  00006D        20       1  BANK0       1
                cstackCOMMON                   000070  00000C  00007C        70       1  COMMON      1
                bssBANK1                       0000A0  000048  0000E8        A0       1  BANK1       1
                bssBANK2                       000120  000020  000140       120       1  BANK2       1
                stringtext1                    000714  000020  000734       E28       0  STRCODE     2
                text21                         000734  0000CC  000800       E68       0  CODE        2
                text40                         000F49  000001  000F4A      1E92       0  CODE        2
                text27                         000F4A  000001  000F4B      1E94       0  CODE        2
                text44                         000F4B  000003  000F4E      1E96       0  CODE        2
                text22                         000F4E  000006  000F54      1E9C       0  CODE        2
                clrtext                        000F54  000006  000F5A      1EA8       0  CODE        2
                text37                         000F5A  000007  000F61      1EB4       0  CODE        2
                text35                         000F61  000008  000F69      1EC2       0  CODE        2
                text25                         000F69  000008  000F71      1ED2       0  CODE        2
                text23                         000F71  000008  000F79      1EE2       0  CODE        2
                text26                         000F79  000009  000F82      1EF2       0  CODE        2
                text16                         000F82  00000D  000F8F      1F04       0  CODE        2
                text19                         000F8F  00000E  000F9D      1F1E       0  CODE        2
                text20                         000F9D  000010  000FAD      1F3A       0  CODE        2
                text43                         000FAD  000011  000FBE      1F5A       0  CODE        2
                text13                         000FBE  000012  000FD0      1F7C       0  CODE        2
                text42                         000FD0  000017  000FE7      1FA0       0  CODE        2
                text34                         000FE7  000019  001000      1FCE       0  CODE        2
                stringtext2                    001000  000036  001036      2000       0  STRCODE     2


UNUSED ADDRESS RANGES

        Name                Unused          Largest block    Delta
        BANK0            0006D-0006F               3           1
        BANK1            000E8-000EF               8           1
        BANK10           00520-0056F              50           1
        BANK11           005A0-005EF              50           1
        BANK12           00620-0064F              30           1
        BANK2            00140-0016F              30           1
        BANK3            001A0-001EF              50           1
        BANK4            00220-0026F              50           1
        BANK5            002A0-002EF              50           1
        BANK6            00320-0036F              50           1
        BANK7            003A0-003EF              50           1
        BANK8            00420-0046F              50           1
        BANK9            004A0-004EF              50           1
        BIGRAM           02000-023EF             3F0           1
        CODE             00800-00F48             749           2
                         01036-01FFF             7CA
        COMMON           0007C-0007D               2           1
        CONST            00800-00F48             100           2
                         01036-01FFF             100
        EEDATA           0F000-0F0FF             100           2
        ENTRY            00800-00F48             100           2
                         01036-01FFF             100
        IDLOC            08000-08003               4           2
        RAM              0006D-0006F               3           1
                         000E8-000EF               8
                         00140-0016F              30
                         001A0-001EF              50
                         00220-0026F              50
                         002A0-002EF              50
                         00320-0036F              50
                         003A0-003EF              50
                         00420-0046F              50
                         004A0-004EF              50
                         00520-0056F              50
                         005A0-005EF              50
                         00620-0064F              30
        SFR0             00000-0001F              20           1
        SFR1             00080-0009F              20           1
        SFR10            00500-0051F              20           1
        SFR11            00580-0059F              20           1
        SFR12            00600-0061F              20           1
        SFR13            00680-006EF              70           1
        SFR14            00700-0076F              70           1
        SFR15            00780-007EF              70           1
        SFR16            00800-0086F              70           1
        SFR17            00880-008EF              70           1
        SFR18            00900-0096F              70           1
        SFR19            00980-009EF              70           1
        SFR2             00100-0011F              20           1
        SFR20            00A00-00A6F              70           1
        SFR21            00A80-00AEF              70           1
        SFR22            00B00-00B6F              70           1
        SFR23            00B80-00BEF              70           1
        SFR24            00C00-00C6F              70           1
        SFR25            00C80-00CEF              70           1
        SFR26            00D00-00D6F              70           1
        SFR27            00D80-00DEF              70           1
        SFR28            00E00-00E6F              70           1
        SFR29            00E80-00EEF              70           1
        SFR3             00180-0019F              20           1
        SFR30            00F00-00F6F              70           1
        SFR31            00F80-00FEF              70           1
        SFR4             00200-0021F              20           1
        SFR5             00280-0029F              20           1
        SFR6             00300-0031F              20           1
        SFR7             00380-0039F              20           1
        SFR8             00400-0041F              20           1
        SFR9             00480-0049F              20           1
        STRCODE          00800-00F48             749           2
                         01036-01FFF             FCA
        STRING           00800-00F48             100           2
                         01036-01FFF             100

                                  Symbol Table

?___awdiv                                 cstackCOMMON 00072
?___awmod                                 cstackCOMMON 00072
?___wmul                                  cstackCOMMON 00072
?_abs                                     cstackCOMMON 00078
?_read_prec_or_width                      cstackCOMMON 00078
?_sprintf                                 cstackBANK0  00056
?_vfprintf                                cstackBANK0  0004E
LCDchar@c                                 cstackCOMMON 00079
LCDcmd@c                                  cstackCOMMON 00079
LCDpos@c                                  cstackBANK0  00020
LCDpos@l                                  cstackBANK0  00021
LCDpos@p                                  cstackBANK0  00022
LCDsend2x4@c                              cstackCOMMON 00076
LCDsend2x4@hc                             cstackCOMMON 00077
LCDsend2x4@lc                             cstackCOMMON 00078
LCDsend2x4@mode                           cstackCOMMON 00074
LCDsend@c                                 cstackCOMMON 00075
LCDstr@c                                  cstackBANK0  00024
LCDstr@p                                  cstackBANK0  00020
TMR1_SetInterruptHandler@InterruptHandler cstackCOMMON 00072
TMR1_WriteTimer@timerVal                  cstackCOMMON 00070
WriteI2C@data_out                         cstackCOMMON 00073
_ANSELA                                   (abs)        00F38
_ANSELB                                   (abs)        00F43
_ANSELC                                   (abs)        00F4E
_ANSELD                                   (abs)        00F59
_ANSELE                                   (abs)        00F64
_I2C1_CallbackReturnReset                 (abs)        00000
_I2C1_CallbackReturnStop                  (abs)        00000
_I2C1_DO_ADDRESS_NACK                     (abs)        00000
_I2C1_DO_IDLE                             (abs)        00000
_I2C1_DO_RCEN                             (abs)        00000
_I2C1_DO_RESET                            (abs)        00000
_I2C1_DO_RX                               (abs)        00000
_I2C1_DO_RX_ACK                           (abs)        00000
_I2C1_DO_RX_NACK_RESTART                  (abs)        00000
_I2C1_DO_RX_NACK_STOP                     (abs)        00000
_I2C1_DO_SEND_ADR_READ                    (abs)        00000
_I2C1_DO_SEND_ADR_WRITE                   (abs)        00000
_I2C1_DO_SEND_RESTART                     (abs)        00000
_I2C1_DO_SEND_RESTART_READ                (abs)        00000
_I2C1_DO_SEND_RESTART_WRITE               (abs)        00000
_I2C1_DO_SEND_STOP                        (abs)        00000
_I2C1_DO_TX                               (abs)        00000
_I2C1_DO_TX_EMPTY                         (abs)        00000
_I2C1_Initialize                          text26       00F79
_I2C1_Status                              bssBANK1     000A0
_INLVLA                                   (abs)        00F3C
_INLVLB                                   (abs)        00F47
_INLVLC                                   (abs)        00F52
_INLVLD                                   (abs)        00F5D
_INLVLE                                   (abs)        00F68
_INTCONbits                               (abs)        0000B
_INTERRUPT_InterruptManager               intentry     00004
_LATA                                     (abs)        00016
_LATB                                     (abs)        00017
_LATC                                     (abs)        00018
_LATD                                     (abs)        00019
_LATE                                     (abs)        0001A
_LCDchar                                  text35       00F61
_LCDcmd                                   text37       00F5A
_LCDinit                                  text17       00264
_LCDpos                                   text36       007EA
_LCDsend                                  text18       00567
_LCDsend2x4                               text38       001B3
_LCDstr                                   text34       00FE7
_ODCONA                                   (abs)        00F3A
_ODCONB                                   (abs)        00F45
_ODCONC                                   (abs)        00F50
_ODCOND                                   (abs)        00F5B
_ODCONE                                   (abs)        00F66
_OSCCON1                                  (abs)        0088D
_OSCCON3                                  (abs)        0088F
_OSCEN                                    (abs)        00891
_OSCFRQ                                   (abs)        00893
_OSCILLATOR_Initialize                    text25       00F69
_OSCTUNE                                  (abs)        00892
_OpenI2C                                  text16       00F82
_PIE3bits                                 (abs)        00719
_PIE4bits                                 (abs)        0071A
_PIN_MANAGER_Initialize                   text24       004DA
_PIR3bits                                 (abs)        0070F
_PIR4bits                                 (abs)        00710
_PMD0                                     (abs)        00796
_PMD1                                     (abs)        00797
_PMD2                                     (abs)        00798
_PMD3                                     (abs)        00799
_PMD4                                     (abs)        0079A
_PMD5                                     (abs)        0079B
_PMD_Initialize                           text23       00F71
_PORTBbits                                (abs)        0000D
_PORTCbits                                (abs)        0000E
_RC3PPS                                   (abs)        00F23
_RC4PPS                                   (abs)        00F24
_S1_pressed                               bssBANK1     000CC
_S2_pressed                               bssBANK1     000CB
_SLRCONA                                  (abs)        00F3B
_SLRCONB                                  (abs)        00F46
_SLRCONC                                  (abs)        00F51
_SLRCOND                                  (abs)        00F5C
_SLRCONE                                  (abs)        00F67
_SSP1ADD                                  (abs)        0018D
_SSP1BUF                                  (abs)        0018C
_SSP1CLKPPS                               (abs)        00EC5
_SSP1CON1                                 (abs)        00190
_SSP1CON1bits                             (abs)        00190
_SSP1CON2                                 (abs)        00191
_SSP1CON2bits                             (abs)        00191
_SSP1DATPPS                               (abs)        00EC6
_SSP1STAT                                 (abs)        0018F
_SSP1STATbits                             (abs)        0018F
_SYSTEM_Initialize                        text20       00F9D
_T1CLK                                    (abs)        00211
_T1CON                                    (abs)        0020E
_T1CONbits                                (abs)        0020E
_T1GATE                                   (abs)        00210
_T1GCON                                   (abs)        0020F
_T1GCONbits                               (abs)        0020F
_TMR1H                                    (abs)        0020D
_TMR1L                                    (abs)        0020C
_TMR1_DefaultInterruptHandler             text44       00F4B
_TMR1_ISR                                 text42       00FD0
_TMR1_Initialize                          text21       00734
_TMR1_InterruptHandler                    nvBANK1      000E4
_TMR1_SetInterruptHandler                 text22       00F4E
_TMR1_WriteTimer                          text43       00FAD
_TRISA                                    (abs)        00011
_TRISB                                    (abs)        00012
_TRISC                                    (abs)        00013
_TRISCbits                                (abs)        00013
_TRISD                                    (abs)        00014
_TRISE                                    (abs)        00015
_WPUA                                     (abs)        00F39
_WPUB                                     (abs)        00F44
_WPUC                                     (abs)        00F4F
_WPUD                                     (abs)        00F5A
_WPUE                                     (abs)        00F65
_WriteI2C                                 text39       0048F
__H__absolute__                           __absolute__ 00000
__Habs1                                   abs1         00000
__Hbank0                                  bank0        00000
__Hbank1                                  bank1        00000
__Hbank10                                 bank10       00000
__Hbank11                                 bank11       00000
__Hbank12                                 bank12       00000
__Hbank13                                 bank13       00000
__Hbank14                                 bank14       00000
__Hbank15                                 bank15       00000
__Hbank16                                 bank16       00000
__Hbank17                                 bank17       00000
__Hbank18                                 bank18       00000
__Hbank19                                 bank19       00000
__Hbank2                                  bank2        00000
__Hbank20                                 bank20       00000
__Hbank21                                 bank21       00000
__Hbank22                                 bank22       00000
__Hbank23                                 bank23       00000
__Hbank24                                 bank24       00000
__Hbank25                                 bank25       00000
__Hbank26                                 bank26       00000
__Hbank27                                 bank27       00000
__Hbank28                                 bank28       00000
__Hbank29                                 bank29       00000
__Hbank3                                  bank3        00000
__Hbank30                                 bank30       00000
__Hbank31                                 bank31       00000
__Hbank4                                  bank4        00000
__Hbank5                                  bank5        00000
__Hbank6                                  bank6        00000
__Hbank7                                  bank7        00000
__Hbank8                                  bank8        00000
__Hbank9                                  bank9        00000
__Hbigram                                 bigram       00000
__HbssBANK1                               bssBANK1     00000
__HbssBANK2                               bssBANK2     00000
__HbssCOMMON                              bssCOMMON    00000
__Hcinit                                  cinit        0003D
__Hclrtext                                clrtext      00000
__Hcode                                   code         00000
__Hcommon                                 common       00000
__Hconfig                                 config       0800C
__HcstackBANK0                            cstackBANK0  00000
__HcstackBANK1                            cstackBANK1  00000
__HcstackCOMMON                           cstackCOMMON 00000
__HdataBANK1                              dataBANK1    00000
__Heeprom_data                            eeprom_data  00000
__Hend_init                               end_init     0001E
__Hfunctab                                functab      00000
__Hheap                                   heap         00000
__HidataBANK1                             idataBANK1   00000
__Hinit                                   init         0001C
__Hintentry                               intentry     0001C
__Hmaintext                               maintext     00000
__HnvBANK1                                nvBANK1      00000
__Hpowerup                                powerup      00000
__Hram                                    ram          00000
__Hreset_vec                              reset_vec    00002
__Hsfr0                                   sfr0         00000
__Hsfr1                                   sfr1         00000
__Hsfr10                                  sfr10        00000
__Hsfr11                                  sfr11        00000
__Hsfr12                                  sfr12        00000
__Hsfr13                                  sfr13        00000
__Hsfr14                                  sfr14        00000
__Hsfr15                                  sfr15        00000
__Hsfr16                                  sfr16        00000
__Hsfr17                                  sfr17        00000
__Hsfr18                                  sfr18        00000
__Hsfr19                                  sfr19        00000
__Hsfr2                                   sfr2         00000
__Hsfr20                                  sfr20        00000
__Hsfr21                                  sfr21        00000
__Hsfr22                                  sfr22        00000
__Hsfr23                                  sfr23        00000
__Hsfr24                                  sfr24        00000
__Hsfr25                                  sfr25        00000
__Hsfr26                                  sfr26        00000
__Hsfr27                                  sfr27        00000
__Hsfr28                                  sfr28        00000
__Hsfr29                                  sfr29        00000
__Hsfr3                                   sfr3         00000
__Hsfr30                                  sfr30        00000
__Hsfr31                                  sfr31        00000
__Hsfr4                                   sfr4         00000
__Hsfr5                                   sfr5         00000
__Hsfr6                                   sfr6         00000
__Hsfr7                                   sfr7         00000
__Hsfr8                                   sfr8         00000
__Hsfr9                                   sfr9         00000
__Hsivt                                   sivt         0001C
__Hspace_0                                (abs)        01036
__Hspace_1                                (abs)        00140
__Hspace_2                                (abs)        00000
__Hspace_3                                (abs)        00000
__Hspace_4                                (abs)        10013
__Hstack                                  stack        00000
__Hstrings                                strings      00000
__Hstringtext1                            stringtext1  00000
__Hstringtext2                            stringtext2  00000
__Hstringtext3                            stringtext3  00000
__Hstringtext4                            stringtext4  00000
__Hstringtext5                            stringtext5  00000
__Hstringtext6                            stringtext6  00000
__Htext                                   text         00000
__L__absolute__                           __absolute__ 00000
__Labs1                                   abs1         00000
__Lbank0                                  bank0        00000
__Lbank1                                  bank1        00000
__Lbank10                                 bank10       00000
__Lbank11                                 bank11       00000
__Lbank12                                 bank12       00000
__Lbank13                                 bank13       00000
__Lbank14                                 bank14       00000
__Lbank15                                 bank15       00000
__Lbank16                                 bank16       00000
__Lbank17                                 bank17       00000
__Lbank18                                 bank18       00000
__Lbank19                                 bank19       00000
__Lbank2                                  bank2        00000
__Lbank20                                 bank20       00000
__Lbank21                                 bank21       00000
__Lbank22                                 bank22       00000
__Lbank23                                 bank23       00000
__Lbank24                                 bank24       00000
__Lbank25                                 bank25       00000
__Lbank26                                 bank26       00000
__Lbank27                                 bank27       00000
__Lbank28                                 bank28       00000
__Lbank29                                 bank29       00000
__Lbank3                                  bank3        00000
__Lbank30                                 bank30       00000
__Lbank31                                 bank31       00000
__Lbank4                                  bank4        00000
__Lbank5                                  bank5        00000
__Lbank6                                  bank6        00000
__Lbank7                                  bank7        00000
__Lbank8                                  bank8        00000
__Lbank9                                  bank9        00000
__Lbigram                                 bigram       00000
__LbssBANK1                               bssBANK1     00000
__LbssBANK2                               bssBANK2     00000
__LbssCOMMON                              bssCOMMON    00000
__Lcinit                                  cinit        0001E
__Lclrtext                                clrtext      00000
__Lcode                                   code         00000
__Lcommon                                 common       00000
__Lconfig                                 config       00000
__LcstackBANK0                            cstackBANK0  00000
__LcstackBANK1                            cstackBANK1  00000
__LcstackCOMMON                           cstackCOMMON 00000
__LdataBANK1                              dataBANK1    00000
__Leeprom_data                            eeprom_data  00000
__Lend_init                               end_init     0001C
__Lfunctab                                functab      00000
__Lheap                                   heap         00000
__LidataBANK1                             idataBANK1   00000
__Linit                                   init         0001C
__Lintentry                               intentry     00004
__Lmaintext                               maintext     00000
__LnvBANK1                                nvBANK1      00000
__Lpowerup                                powerup      00000
__Lram                                    ram          00000
__Lreset_vec                              reset_vec    00000
__Lsfr0                                   sfr0         00000
__Lsfr1                                   sfr1         00000
__Lsfr10                                  sfr10        00000
__Lsfr11                                  sfr11        00000
__Lsfr12                                  sfr12        00000
__Lsfr13                                  sfr13        00000
__Lsfr14                                  sfr14        00000
__Lsfr15                                  sfr15        00000
__Lsfr16                                  sfr16        00000
__Lsfr17                                  sfr17        00000
__Lsfr18                                  sfr18        00000
__Lsfr19                                  sfr19        00000
__Lsfr2                                   sfr2         00000
__Lsfr20                                  sfr20        00000
__Lsfr21                                  sfr21        00000
__Lsfr22                                  sfr22        00000
__Lsfr23                                  sfr23        00000
__Lsfr24                                  sfr24        00000
__Lsfr25                                  sfr25        00000
__Lsfr26                                  sfr26        00000
__Lsfr27                                  sfr27        00000
__Lsfr28                                  sfr28        00000
__Lsfr29                                  sfr29        00000
__Lsfr3                                   sfr3         00000
__Lsfr30                                  sfr30        00000
__Lsfr31                                  sfr31        00000
__Lsfr4                                   sfr4         00000
__Lsfr5                                   sfr5         00000
__Lsfr6                                   sfr6         00000
__Lsfr7                                   sfr7         00000
__Lsfr8                                   sfr8         00000
__Lsfr9                                   sfr9         00000
__Lsivt                                   sivt         0001C
__Lspace_0                                (abs)        00000
__Lspace_1                                (abs)        00000
__Lspace_2                                (abs)        00000
__Lspace_3                                (abs)        00000
__Lspace_4                                (abs)        00000
__Lstack                                  stack        00000
__Lstrings                                strings      00000
__Lstringtext1                            stringtext1  00000
__Lstringtext2                            stringtext2  00000
__Lstringtext3                            stringtext3  00000
__Lstringtext4                            stringtext4  00000
__Lstringtext5                            stringtext5  00000
__Lstringtext6                            stringtext6  00000
__Ltext                                   text         00000
__S0                                      (abs)        01036
__S1                                      (abs)        00140
__S3                                      (abs)        00000
___awdiv                                  text14       0033C
___awdiv@counter                          cstackCOMMON 00076
___awdiv@dividend                         cstackCOMMON 00074
___awdiv@divisor                          cstackCOMMON 00072
___awdiv@quotient                         cstackCOMMON 00078
___awdiv@sign                             cstackCOMMON 00077
___awmod                                  text31       003F0
___awmod@counter                          cstackCOMMON 00076
___awmod@dividend                         cstackCOMMON 00074
___awmod@divisor                          cstackCOMMON 00072
___awmod@sign                             cstackCOMMON 00077
___heap_hi                                (abs)        00000
___heap_lo                                (abs)        00000
___int_sp                                 stack        00000
___int_stack_hi                           stack        00000
___int_stack_lo                           stack        00000
___latbits                                (abs)        00002
___sp                                     stack        00000
___stack_hi                               stack        00000
___stack_lo                               stack        00000
___stackhi                                (abs)        00000
___stacklo                                (abs)        00000
___wmul                                   text7        00754
___wmul@multiplicand                      cstackCOMMON 00074
___wmul@multiplier                        cstackCOMMON 00072
___wmul@product                           cstackCOMMON 00076
__end_of_I2C1_Initialize                  text26       00F82
__end_of_INTERRUPT_InterruptManager       intentry     0001C
__end_of_LCDchar                          text35       00F69
__end_of_LCDcmd                           text37       00F61
__end_of_LCDinit                          text17       002E0
__end_of_LCDpos                           text36       007FF
__end_of_LCDsend                          text18       005AA
__end_of_LCDsend2x4                       text38       00264
__end_of_LCDstr                           text34       01000
__end_of_OSCILLATOR_Initialize            text25       00F71
__end_of_OpenI2C                          text16       00F8F
__end_of_PIN_MANAGER_Initialize           text24       00521
__end_of_PMD_Initialize                   text23       00F79
__end_of_SYSTEM_Initialize                text20       00FAD
__end_of_TMR1_DefaultInterruptHandler     text44       00F4E
__end_of_TMR1_ISR                         text42       00FE7
__end_of_TMR1_Initialize                  text21       00754
__end_of_TMR1_SetInterruptHandler         text22       00F54
__end_of_TMR1_WriteTimer                  text43       00FBE
__end_of_WriteI2C                         text39       004DA
__end_of___awdiv                          text14       00397
__end_of___awmod                          text31       00441
__end_of___wmul                           text7        00773
__end_of__initialization                  cinit        00039
__end_of_abs                              text13       00FD0
__end_of_alarms_update                    text40       00F4A
__end_of_buttons_update                   text29       005EC
__end_of_clock_update_1s                  text28       007EA
__end_of_dtoa                             text8        001B3
__end_of_fputc                            text11       003F0
__end_of_fputs                            text10       00714
__end_of_i2c1_fsmStateTable               stringtext1  00734
__end_of_main                             maintext     00791
__end_of_pad                              text9        00567
__end_of_putch                            text12       00800
__end_of_read_prec_or_width               text6        0033C
__end_of_sensors_update                   text27       00F4B
__end_of_sprintf                          text3        007AF
__end_of_system_init                      text19       00F9D
__end_of_ui_init                          text15       006CB
__end_of_ui_next_state                    text32       00629
__end_of_ui_normal                        text33       006F0
__end_of_ui_select                        text30       0048F
__end_of_ui_time_update                   text2        00663
__end_of_ui_update                        text1        00699
__end_of_vfpfcnvrt                        text5        00101
__end_of_vfprintf                         text4        007CD
__initialization                          cinit        0001E
__pbssBANK1                               bssBANK1     000A0
__pbssBANK2                               bssBANK2     00120
__pbssCOMMON                              bssCOMMON    0007A
__pcstackBANK0                            cstackBANK0  00020
__pcstackBANK1                            cstackBANK1  000CD
__pcstackCOMMON                           cstackCOMMON 00070
__pdataBANK1                              dataBANK1    000E6
__pidataBANK1                             idataBANK1   00002
__pintentry                               intentry     00004
__pmaintext                               maintext     00773
__pnvBANK1                                nvBANK1      000E4
__pstringtext1                            stringtext1  00714
__pstringtext2                            stringtext2  01000
__pstringtext3                            stringtext3  01013
__pstringtext4                            stringtext4  01020
__pstringtext5                            stringtext5  0102B
__pstringtext6                            stringtext6  00000
__ptext1                                  text1        00663
__ptext10                                 text10       006F0
__ptext11                                 text11       00397
__ptext12                                 text12       007FF
__ptext13                                 text13       00FBE
__ptext14                                 text14       0033C
__ptext15                                 text15       00699
__ptext16                                 text16       00F82
__ptext17                                 text17       00264
__ptext18                                 text18       00567
__ptext19                                 text19       00F8F
__ptext2                                  text2        00629
__ptext20                                 text20       00F9D
__ptext21                                 text21       00734
__ptext22                                 text22       00F4E
__ptext23                                 text23       00F71
__ptext24                                 text24       004DA
__ptext25                                 text25       00F69
__ptext26                                 text26       00F79
__ptext27                                 text27       00F4A
__ptext28                                 text28       007CD
__ptext29                                 text29       005AA
__ptext3                                  text3        00791
__ptext30                                 text30       00441
__ptext31                                 text31       003F0
__ptext32                                 text32       005EC
__ptext33                                 text33       006CB
__ptext34                                 text34       00FE7
__ptext35                                 text35       00F61
__ptext36                                 text36       007EA
__ptext37                                 text37       00F5A
__ptext38                                 text38       001B3
__ptext39                                 text39       0048F
__ptext4                                  text4        007AF
__ptext40                                 text40       00F49
__ptext42                                 text42       00FD0
__ptext43                                 text43       00FAD
__ptext44                                 text44       00F4B
__ptext5                                  text5        0003D
__ptext6                                  text6        002E0
__ptext7                                  text7        00754
__ptext8                                  text8        00101
__ptext9                                  text9        00521
_abs                                      text13       00FBE
_alarms_update                            text40       00F49
_buttons_update                           text29       005AA
_clock_update_1s                          text28       007CD
_dbuf                                     bssBANK2     00120
_dtoa                                     text8        00101
_dtoa$2422                                cstackBANK0  00037
_flags                                    bssCOMMON    0007A
_fputc                                    text11       00397
_fputs                                    text10       006F0
_i2c1_fsmStateTable                       stringtext1  00714
_main                                     maintext     00773
_pad                                      text9        00521
_prec                                     bssBANK1     000C6
_putch                                    text12       007FF
_rd1RegCompleteHandler                    (abs)        00000
_rd2RegCompleteHandler                    (abs)        00000
_rdBlkRegCompleteHandler                  (abs)        00000
_read_prec_or_width                       text6        002E0
_sensors_update                           text27       00F4A
_sprintf                                  text3        00791
_system                                   bssBANK1     000BD
_system_init                              text19       00F8F
_timer1ReloadVal                          bssBANK1     000C8
_ui_init                                  text15       00699
_ui_next_state                            text32       005EC
_ui_normal                                text33       006CB
_ui_select                                text30       00441
_ui_state                                 bssCOMMON    0007B
_ui_time_update                           text2        00629
_ui_update                                text1        00663
_vfpfcnvrt                                text5        0003D
_vfprintf                                 text4        007AF
_width                                    bssBANK1     000C4
_wr1RegCompleteHandler                    (abs)        00000
_wr2RegCompleteHandler                    (abs)        00000
abs@a                                     cstackCOMMON 00078
btemp                                     (abs)        0007E
btemp0                                    (abs)        0007E
btemp1                                    (abs)        0007F
buttons_update@now_S1                     cstackBANK0  00027
buttons_update@now_S2                     cstackBANK0  00028
buttons_update@prev_S1                    dataBANK1    000E7
buttons_update@prev_S2                    dataBANK1    000E6
clear_ram0                                clrtext      00F54
dtoa@d                                    cstackBANK0  00034
dtoa@fp                                   cstackBANK0  00032
dtoa@i                                    cstackBANK0  0003D
dtoa@p                                    cstackBANK0  00039
dtoa@s                                    cstackBANK0  0003C
dtoa@w                                    cstackBANK0  0003A
end_of_initialization                     cinit        00039
fputc@c                                   cstackCOMMON 00072
fputc@fp                                  cstackCOMMON 00074
fputs@c                                   cstackBANK0  00028
fputs@fp                                  cstackBANK0  00026
fputs@i                                   cstackBANK0  00029
fputs@s                                   cstackBANK0  00025
int$flags                                 (abs)        0007E
intlevel0                                 functab      00000
intlevel1                                 functab      00000
intlevel2                                 functab      00000
intlevel3                                 functab      00000
intlevel4                                 functab      00000
intlevel5                                 functab      00000
ltemp0a                                   (abs)        00080
pad@buf                                   cstackBANK0  0002D
pad@fp                                    cstackBANK0  0002B
pad@i                                     cstackBANK0  00030
pad@p                                     cstackBANK0  0002E
read_prec_or_width@ap                     cstackCOMMON 00079
read_prec_or_width@c                      cstackBANK0  00023
read_prec_or_width@fmt                    cstackCOMMON 00078
read_prec_or_width@n                      cstackBANK0  00024
reset_vec                                 reset_vec    00000
sprintf@ap                                cstackBANK0  0005F
sprintf@f                                 cstackBANK0  00060
sprintf@fmt                               cstackBANK0  00057
sprintf@s                                 cstackBANK0  00056
start                                     init         0001C
start_initialization                      cinit        0001E
ttemp0a                                   (abs)        0007F
ui_time_update@buf                        cstackBANK1  000D3
vfpfcnvrt@ap                              cstackBANK0  00042
vfpfcnvrt@convarg                         cstackBANK0  00047
vfpfcnvrt@cp                              cstackBANK0  0004C
vfpfcnvrt@done                            cstackBANK0  0004B
vfpfcnvrt@fmt                             cstackBANK0  00041
vfpfcnvrt@fp                              cstackBANK0  0003F
vfprintf@ap                               cstackBANK0  00052
vfprintf@cfmt                             cstackBANK0  00054
vfprintf@fmt                              cstackBANK0  00050
vfprintf@fp                               cstackBANK0  0004E
wtemp0                                    (abs)        0007E
wtemp0a                                   (abs)        0007F


MODULE INFORMATION

Module		Function		Class		Link	Load	Size
C:\Program Files\Microchip\xc8\v3.10\pic\sources\c99\common\awmod.c
		___awmod       		CODE           	03F0	0000	81

C:\Program Files\Microchip\xc8\v3.10\pic\sources\c99\common\awmod.c estimated size: 81

C:\Program Files\Microchip\xc8\v3.10\pic\sources\c99\common\putch.c
		_putch         		CODE           	07FF	0000	1

C:\Program Files\Microchip\xc8\v3.10\pic\sources\c99\common\putch.c estimated size: 1

modules/ui.c
		_ui_update     		CODE           	0663	0000	54
		_ui_normal     		CODE           	06CB	0000	37
		_ui_init       		CODE           	0699	0000	50
		_ui_select     		CODE           	0441	0000	78
		_ui_next_state 		CODE           	05EC	0000	61
		_ui_time_update		CODE           	0629	0000	58

modules/ui.c estimated size: 338

mcc_generated_files/i2c1_master.c
		_I2C1_Initialize		CODE           	0F79	0000	9

mcc_generated_files/i2c1_master.c estimated size: 9

mcc_generated_files/interrupt_manager.c
		_INTERRUPT_InterruptManager		CODE           	0004	0000	24

mcc_generated_files/interrupt_manager.c estimated size: 24

C:\Program Files\Microchip\xc8\v3.10\pic\sources\c99\common\abs.c
		_abs           		CODE           	0FBE	0000	18

C:\Program Files\Microchip\xc8\v3.10\pic\sources\c99\common\abs.c estimated size: 18

C:\Program Files\Microchip\xc8\v3.10\pic\sources\c99\common\nf_fputs.c
		_fputs         		CODE           	06F0	0000	36

C:\Program Files\Microchip\xc8\v3.10\pic\sources\c99\common\nf_fputs.c estimated size: 36

mcc_generated_files/pin_manager.c
		_PIN_MANAGER_Initialize		CODE           	04DA	0000	71

mcc_generated_files/pin_manager.c estimated size: 71

I2C/i2c.c
		_WriteI2C      		CODE           	048F	0000	75
		_OpenI2C       		CODE           	0F82	0000	13

I2C/i2c.c estimated size: 88

modules/clock.c
		_clock_update_1s		CODE           	07CD	0000	29

modules/clock.c estimated size: 29

LCD/lcd.c
		_LCDinit       		CODE           	0264	0000	124
		_LCDsend       		CODE           	0567	0000	67
		_LCDsend2x4    		CODE           	01B3	0000	177
		_LCDstr        		CODE           	0FE7	0000	25
		_LCDchar       		CODE           	0F61	0000	8
		_LCDpos        		CODE           	07EA	0000	21
		_LCDcmd        		CODE           	0F5A	0000	7

LCD/lcd.c estimated size: 429

C:\Program Files\Microchip\xc8\v3.10\pic\sources\c99\common\awdiv.c
		___awdiv       		CODE           	033C	0000	91

C:\Program Files\Microchip\xc8\v3.10\pic\sources\c99\common\awdiv.c estimated size: 91

C:\Program Files\Microchip\xc8\v3.10\pic\sources\c99\common\nf_sprintf.c
		_sprintf       		CODE           	0791	0000	30

C:\Program Files\Microchip\xc8\v3.10\pic\sources\c99\common\nf_sprintf.c estimated size: 30

system/system.c
		_system_init   		CODE           	0F8F	0000	14

system/system.c estimated size: 14

shared
		__initialization		CODE           	001E	0000	27
		_i2c1_fsmStateTable		STRCODE        	0714	0000	32

shared estimated size: 59

mcc_generated_files/mcc.c
		_PMD_Initialize		CODE           	0F71	0000	8
		_OSCILLATOR_Initialize		CODE           	0F69	0000	8
		_SYSTEM_Initialize		CODE           	0F9D	0000	16

mcc_generated_files/mcc.c estimated size: 32

modules/sensors.c
		_sensors_update		CODE           	0F4A	0000	1

modules/sensors.c estimated size: 1

C:\Program Files\Microchip\xc8\v3.10\pic\sources\c99\common\nf_fputc.c
		_fputc         		CODE           	0397	0000	89

C:\Program Files\Microchip\xc8\v3.10\pic\sources\c99\common\nf_fputc.c estimated size: 89

mcc_generated_files/tmr1.c
		_TMR1_Initialize		CODE           	0734	0000	32
		_TMR1_SetInterruptHandler		CODE           	0F4E	0000	6
		_TMR1_DefaultInterruptHandler		CODE           	0F4B	0000	3
		_TMR1_WriteTimer		CODE           	0FAD	0000	17
		_TMR1_ISR      		CODE           	0FD0	0000	23

mcc_generated_files/tmr1.c estimated size: 81

modules/buttons.c
		_buttons_update		CODE           	05AA	0000	66

modules/buttons.c estimated size: 66

modules/alarms.c
		_alarms_update 		CODE           	0F49	0000	1

modules/alarms.c estimated size: 1

C:\Program Files\Microchip\xc8\v3.10\pic\sources\c99\common\doprnt.c
		_read_prec_or_width		CODE           	02E0	0000	92
		_vfpfcnvrt     		CODE           	003D	0000	196
		_pad           		CODE           	0521	0000	70
		_dtoa          		CODE           	0101	0000	178
		_vfprintf      		CODE           	07AF	0000	30

C:\Program Files\Microchip\xc8\v3.10\pic\sources\c99\common\doprnt.c estimated size: 566

main.c
		_main          		CODE           	0773	0000	30

main.c estimated size: 30

C:\Program Files\Microchip\xc8\v3.10\pic\sources\c99\common\Umul16.c
		___wmul        		CODE           	0754	0000	31

C:\Program Files\Microchip\xc8\v3.10\pic\sources\c99\common\Umul16.c estimated size: 31

