Microchip MPLAB XC8 Compiler V3.10

Linker command line:

-W-3 \
  --edf=C:\Program Files\Microchip\xc8\v3.10\pic\dat\20250813170317_en.msgs \
  -cn \
  -h+dist/default/production\Weather-Station-and-Alarm-Clock.production.sym \
  --cmf=dist/default/production\Weather-Station-and-Alarm-Clock.production.cmf \
  -z -Q16F18875 \
  -oC:\Users\lukas\AppData\Local\Temp\xcAsa2k.0\driver_tmp_3.o \
  --defsym=__MPLAB_BUILD=1 --fixupoverflow=error \
  -Mdist/default/production/Weather-Station-and-Alarm-Clock.production.map \
  --md=C:\Users\lukas\AppData\Local\Temp\xcAsa2k.0\driver_tmp_0.dat -E1 \
  -ver=XC8 Compiler -ACODE=00h-07FFhx4 -ASTRCODE=00h-01FFFh \
  -ASTRING=00h-0FFhx32 -ACONST=00h-0FFhx32 -AENTRY=00h-0FFhx32 \
  -ACOMMON=070h-07Fh -ABANK0=020h-06Fh -ABANK1=0A0h-0EFh \
  -ABANK2=0120h-016Fh -ABANK3=01A0h-01EFh -ABANK4=0220h-026Fh \
  -ABANK5=02A0h-02EFh -ABANK6=0320h-036Fh -ABANK7=03A0h-03EFh \
  -ABANK8=0420h-046Fh -ABANK9=04A0h-04EFh -ABANK10=0520h-056Fh \
  -ABANK11=05A0h-05EFh -ABANK12=0620h-064Fh -ABIGRAM=02000h-023EFh \
  -ARAM=020h-06Fh,0A0h-0EFh,0120h-016Fh,01A0h-01EFh,0220h-026Fh,02A0h-02EFh,0320h-036Fh,03A0h-03EFh,0420h-046Fh,04A0h-04EFh,0520h-056Fh,05A0h-05EFh,0620h-064Fh \
  -AABS1=020h-07Fh,0A0h-0EFh,0120h-016Fh,01A0h-01EFh,0220h-026Fh,02A0h-02EFh,0320h-036Fh,03A0h-03EFh,0420h-046Fh,04A0h-04EFh,0520h-056Fh,05A0h-05EFh,0620h-064Fh \
  -ASFR0=00h-01Fh -ASFR1=080h-09Fh -ASFR2=0100h-011Fh -ASFR3=0180h-019Fh \
  -ASFR4=0200h-021Fh -ASFR5=0280h-029Fh -ASFR6=0300h-031Fh \
  -ASFR7=0380h-039Fh -ASFR8=0400h-041Fh -ASFR9=0480h-049Fh \
  -ASFR10=0500h-051Fh -ASFR11=0580h-059Fh -ASFR12=0600h-061Fh \
  -ASFR13=0680h-06EFh -ASFR14=0700h-076Fh -ASFR15=0780h-07EFh \
  -ASFR16=0800h-086Fh -ASFR17=0880h-08EFh -ASFR18=0900h-096Fh \
  -ASFR19=0980h-09EFh -ASFR20=0A00h-0A6Fh -ASFR21=0A80h-0AEFh \
  -ASFR22=0B00h-0B6Fh -ASFR23=0B80h-0BEFh -ASFR24=0C00h-0C6Fh \
  -ASFR25=0C80h-0CEFh -ASFR26=0D00h-0D6Fh -ASFR27=0D80h-0DEFh \
  -ASFR28=0E00h-0E6Fh -ASFR29=0E80h-0EEFh -ASFR30=0F00h-0F6Fh \
  -ASFR31=0F80h-0FEFh -ACONFIG=08007h-0800Bh -DCONFIG=2 \
  -AIDLOC=08000h-08003h -DIDLOC=2 -AEEDATA=00h-0FFh/0F000h \
  -peeprom_data=EEDATA -DEEDATA=2 -DCODE=2 -DSTRCODE=2 -DSTRING=2 -DCONST=2 \
  -DENTRY=2 -preset_vec=00h,intentry=04h,sivt,init,end_init -ppowerup=CODE \
  -pcinit=CODE -pfunctab=ENTRY -k \
  C:\Users\lukas\AppData\Local\Temp\xcAsa2k.0\driver_tmp_20.o \
  dist/default/production\Weather-Station-and-Alarm-Clock.production.o 

Object code version is 3.11

Machine type is 16F18875



                Name                               Link     Load   Length Selector   Space Scale
C:\Users\lukas\AppData\Local\Temp\xcAsa2k.0\driver_tmp_20.o
                end_init                             1C       1C        2        8       0
                reset_vec                             0        0        2        0       0
                config                             8007     8007        5        0       4
dist/default/production\Weather-Station-and-Alarm-Clock.production.o
                cinit                                1E       1E       26        8       0
                intentry                              4        4       18        8       0
                config                             8007     8007        5        0       4
                text50                              A78      A78        3     14F0       0
                text49                              AC9      AC9       11     1592       0
                text48                              B11      B11       17     1622       0
                text46                              5A9      5A9       A4        8       0
                text45                              DF2      DF2       4B     1BE4       0
                text44                              44A      44A       B1        8       0
                text43                              A8B      A8B        7     1516       0
                text42                              7EB      7EB       15        8       0
                text41                              AAA      AAA        9     1554       0
                text40                              6E2      6E2       8D        8       0
                text39                              E3D      E3D       51     1C7A       0
                text38                              394      394       B6        8       0
                text37                              CA7      CA7       3B     194E       0
                text36                              B72      B72       1D     16E4       0
                text35                              ABC      ABC        D     1578       0
                text34                              A7B      A7B        4     14F6       0
                text33                              ADA      ADA       12     15B4       0
                text32                              B58      B58       1A     16B0       0
                text31                              19B      19B      109        8       0
                text30                              CE2      CE2       40     19C4       0
                text29                              B28      B28       17     1650       0
                text28                              AB3      AB3        9     1566       0
                text27                              A92      A92        8     1524       0
                text26                              DAB      DAB       47     1B56       0
                text25                              A9A      A9A        8     1534       0
                text24                              A7F      A7F        6     14FE       0
                text23                              BE9      BE9       20     17D2       0
                text22                              AFE      AFE       13     15FC       0
                text21                              B8F      B8F       1D     171E       0
                text20                              D22      D22       43     1A44       0
                text19                              76F      76F       7C        8       0
                text18                              AA2      AA2        8     1544       0
                text17                              B3F      B3F       19     167E       0
                text16                              C75      C75       32     18EA       0
                text15                              A77      A77        1     14EE       0
                text14                              E8E      E8E       59     1D1C       0
                text13                              F9E      F9E       62     1F3C       0
                text12                              EE7      EE7       5B     1DCE       0
                text11                              AEC      AEC       12     15D8       0
                text10                              C2A      C2A       24     1854       0
                text9                               D65      D65       46     1ACA       0
                text8                               4FB      4FB       AE        8       0
                text7                               BCA      BCA       1F     1794       0
                text6                               F42      F42       5C     1E84       0
                text5                               2A4      2A4       F0        8       0
                text4                               BAC      BAC       1E     1758       0
                text3                               C4E      C4E       27     189C       0
                text2                                44       44      157        8       0
                text1                               64D      64D       95        8       0
                maintext                            C09      C09       21     1812       0
                cstackBANK0                          20       20       45       20       1
                cstackCOMMON                         70       70        A       70       1
                cstackBANK1                          A0       A0       1F       A0       1
                cstackBANK3                         1A0      1A0       1D      1A0       1
                clrtext                             A85      A85        6     150A       0
                bssBANK2                            120      120       3D      120       1
                bssBANK1                             BF       BF       19       A0       1
                dataBANK0                            6C       6C        2       20       1
                bssBANK0                             65       65        7       20       1
                bssCOMMON                            7A       7A        2       70       1
                stringtext11                       10CA     10CA        B     2000       0
                stringtext10                       10BD     10BD        D     2000       0
                stringtext9                        10AB     10AB       12     2000       0
                stringtext8                        1099     1099       12     2000       0
                stringtext7                        1087     1087       12     2000       0
                stringtext6                        1075     1075       12     2000       0
                stringtext5                        1062     1062       13     2000       0
                stringtext4                        104F     104F       13     2000       0
                stringtext3                        103A     103A       15     2000       0
                stringtext2                        1020     1020       1A     2000       0
                nvBANK2                             15D      15D        2      120       1
                stringtext1                        1000     1000       20     2000       0
                idataBANK0                            2        2        2        0       0

TOTAL           Name                               Link     Load   Length     Space
        CLASS   CODE           
                end_init                             1C       1C        2         0
                cinit                                1E       1E       26         0
                intentry                              4        4       18         0
                reset_vec                             0        0        2         0
                text50                              A78      A78        3         0
                text49                              AC9      AC9       11         0
                text48                              B11      B11       17         0
                text46                              5A9      5A9       A4         0
                text45                              DF2      DF2       4B         0
                text44                              44A      44A       B1         0
                text43                              A8B      A8B        7         0
                text42                              7EB      7EB       15         0
                text41                              AAA      AAA        9         0
                text40                              6E2      6E2       8D         0
                text39                              E3D      E3D       51         0
                text38                              394      394       B6         0
                text37                              CA7      CA7       3B         0
                text36                              B72      B72       1D         0
                text35                              ABC      ABC        D         0
                text34                              A7B      A7B        4         0
                text33                              ADA      ADA       12         0
                text32                              B58      B58       1A         0
                text31                              19B      19B      109         0
                text30                              CE2      CE2       40         0
                text29                              B28      B28       17         0
                text28                              AB3      AB3        9         0
                text27                              A92      A92        8         0
                text26                              DAB      DAB       47         0
                text25                              A9A      A9A        8         0
                text24                              A7F      A7F        6         0
                text23                              BE9      BE9       20         0
                text22                              AFE      AFE       13         0
                text21                              B8F      B8F       1D         0
                text20                              D22      D22       43         0
                text19                              76F      76F       7C         0
                text18                              AA2      AA2        8         0
                text17                              B3F      B3F       19         0
                text16                              C75      C75       32         0
                text15                              A77      A77        1         0
                text14                              E8E      E8E       59         0
                text13                              F9E      F9E       62         0
                text12                              EE7      EE7       5B         0
                text11                              AEC      AEC       12         0
                text10                              C2A      C2A       24         0
                text9                               D65      D65       46         0
                text8                               4FB      4FB       AE         0
                text7                               BCA      BCA       1F         0
                text6                               F42      F42       5C         0
                text5                               2A4      2A4       F0         0
                text4                               BAC      BAC       1E         0
                text3                               C4E      C4E       27         0
                text2                                44       44      157         0
                text1                               64D      64D       95         0
                maintext                            C09      C09       21         0
                clrtext                             A85      A85        6         0
                idataBANK0                            2        2        2         0

        CLASS   STRCODE        
                stringtext11                       10CA     10CA        B         0
                stringtext10                       10BD     10BD        D         0
                stringtext9                        10AB     10AB       12         0
                stringtext8                        1099     1099       12         0
                stringtext7                        1087     1087       12         0
                stringtext6                        1075     1075       12         0
                stringtext5                        1062     1062       13         0
                stringtext4                        104F     104F       13         0
                stringtext3                        103A     103A       15         0
                stringtext2                        1020     1020       1A         0
                stringtext1                        1000     1000       20         0

        CLASS   STRING         

        CLASS   CONST          

        CLASS   ENTRY          

        CLASS   COMMON         
                cstackCOMMON                         70       70        A         1
                bssCOMMON                            7A       7A        2         1

        CLASS   BANK0          
                cstackBANK0                          20       20       45         1
                dataBANK0                            6C       6C        2         1
                bssBANK0                             65       65        7         1

        CLASS   BANK1          
                cstackBANK1                          A0       A0       1F         1
                bssBANK1                             BF       BF       19         1

        CLASS   BANK2          
                bssBANK2                            120      120       3D         1
                nvBANK2                             15D      15D        2         1

        CLASS   BANK3          
                cstackBANK3                         1A0      1A0       1D         1

        CLASS   BANK4          

        CLASS   BANK5          

        CLASS   BANK6          

        CLASS   BANK7          

        CLASS   BANK8          

        CLASS   BANK9          

        CLASS   BANK10         

        CLASS   BANK11         

        CLASS   BANK12         

        CLASS   BIGRAM         

        CLASS   RAM            

        CLASS   ABS1           
                abs_s1                               7E       7E        2         1

        CLASS   SFR0           

        CLASS   SFR1           

        CLASS   SFR2           

        CLASS   SFR3           

        CLASS   SFR4           

        CLASS   SFR5           

        CLASS   SFR6           

        CLASS   SFR7           

        CLASS   SFR8           

        CLASS   SFR9           

        CLASS   SFR10          

        CLASS   SFR11          

        CLASS   SFR12          

        CLASS   SFR13          

        CLASS   SFR14          

        CLASS   SFR15          

        CLASS   SFR16          

        CLASS   SFR17          

        CLASS   SFR18          

        CLASS   SFR19          

        CLASS   SFR20          

        CLASS   SFR21          

        CLASS   SFR22          

        CLASS   SFR23          

        CLASS   SFR24          

        CLASS   SFR25          

        CLASS   SFR26          

        CLASS   SFR27          

        CLASS   SFR28          

        CLASS   SFR29          

        CLASS   SFR30          

        CLASS   SFR31          

        CLASS   CONFIG         
                config                             8007     8007        5         4

        CLASS   IDLOC          

        CLASS   EEDATA         

        CLASS   BANK31         

        CLASS   BANK30         

        CLASS   BANK29         

        CLASS   BANK28         

        CLASS   BANK27         

        CLASS   BANK26         

        CLASS   BANK25         

        CLASS   BANK24         

        CLASS   BANK23         

        CLASS   BANK22         

        CLASS   BANK21         

        CLASS   BANK20         

        CLASS   BANK19         

        CLASS   BANK18         

        CLASS   BANK17         

        CLASS   BANK16         

        CLASS   BANK15         

        CLASS   BANK14         

        CLASS   BANK13         

        CLASS   HEAP           

        CLASS   STACK          



SEGMENTS        Name                           Load    Length   Top    Selector   Space  Class     Delta

                reset_vec                      000000  000004  000004         0       0  CODE        2
                intentry                       000004  0007FC  000800         8       0  CODE        2
                cstackBANK0                    000020  00004E  00006E        20       1  BANK0       1
                cstackCOMMON                   000070  00000C  00007C        70       1  COMMON      1
                cstackBANK1                    0000A0  000038  0000D8        A0       1  BANK1       1
                bssBANK2                       000120  00003F  00015F       120       1  BANK2       1
                cstackBANK3                    0001A0  00001D  0001BD       1A0       1  BANK3       1
                text15                         000A77  000001  000A78      14EE       0  CODE        2
                text50                         000A78  000003  000A7B      14F0       0  CODE        2
                text34                         000A7B  000004  000A7F      14F6       0  CODE        2
                text24                         000A7F  000006  000A85      14FE       0  CODE        2
                clrtext                        000A85  000006  000A8B      150A       0  CODE        2
                text43                         000A8B  000007  000A92      1516       0  CODE        2
                text27                         000A92  000008  000A9A      1524       0  CODE        2
                text25                         000A9A  000008  000AA2      1534       0  CODE        2
                text18                         000AA2  000008  000AAA      1544       0  CODE        2
                text41                         000AAA  000009  000AB3      1554       0  CODE        2
                text28                         000AB3  000009  000ABC      1566       0  CODE        2
                text35                         000ABC  00000D  000AC9      1578       0  CODE        2
                text49                         000AC9  000011  000ADA      1592       0  CODE        2
                text33                         000ADA  000012  000AEC      15B4       0  CODE        2
                text11                         000AEC  000012  000AFE      15D8       0  CODE        2
                text22                         000AFE  000013  000B11      15FC       0  CODE        2
                text48                         000B11  000017  000B28      1622       0  CODE        2
                text29                         000B28  000017  000B3F      1650       0  CODE        2
                text17                         000B3F  000019  000B58      167E       0  CODE        2
                text32                         000B58  00001A  000B72      16B0       0  CODE        2
                text36                         000B72  00001D  000B8F      16E4       0  CODE        2
                text21                         000B8F  00001D  000BAC      171E       0  CODE        2
                text4                          000BAC  00001E  000BCA      1758       0  CODE        2
                text7                          000BCA  00001F  000BE9      1794       0  CODE        2
                text23                         000BE9  000020  000C09      17D2       0  CODE        2
                maintext                       000C09  000021  000C2A      1812       0  CODE        2
                text10                         000C2A  000024  000C4E      1854       0  CODE        2
                text3                          000C4E  000027  000C75      189C       0  CODE        2
                text16                         000C75  000032  000CA7      18EA       0  CODE        2
                text37                         000CA7  00003B  000CE2      194E       0  CODE        2
                text30                         000CE2  000040  000D22      19C4       0  CODE        2
                text20                         000D22  000043  000D65      1A44       0  CODE        2
                text9                          000D65  000046  000DAB      1ACA       0  CODE        2
                text26                         000DAB  000047  000DF2      1B56       0  CODE        2
                text45                         000DF2  00004B  000E3D      1BE4       0  CODE        2
                text39                         000E3D  000051  000E8E      1C7A       0  CODE        2
                text14                         000E8E  000059  000EE7      1D1C       0  CODE        2
                text12                         000EE7  00005B  000F42      1DCE       0  CODE        2
                text6                          000F42  00005C  000F9E      1E84       0  CODE        2
                text13                         000F9E  000062  001000      1F3C       0  CODE        2
                stringtext1                    001000  0000D5  0010D5      2000       0  STRCODE     2


UNUSED ADDRESS RANGES

        Name                Unused          Largest block    Delta
        BANK0            0006E-0006F               2           1
        BANK1            000D8-000EF              18           1
        BANK10           00520-0056F              50           1
        BANK11           005A0-005EF              50           1
        BANK12           00620-0064F              30           1
        BANK2            0015F-0016F              11           1
        BANK3            001BD-001EF              33           1
        BANK4            00220-0026F              50           1
        BANK5            002A0-002EF              50           1
        BANK6            00320-0036F              50           1
        BANK7            003A0-003EF              50           1
        BANK8            00420-0046F              50           1
        BANK9            004A0-004EF              50           1
        BIGRAM           02000-023EF             3F0           1
        CODE             00800-00A76             277           2
                         010D5-01FFF             72B
        COMMON           0007C-0007D               2           1
        CONST            00800-00A76             100           2
                         010D5-01FFF             100
        EEDATA           0F000-0F0FF             100           2
        ENTRY            00800-00A76             100           2
                         010D5-01FFF             100
        IDLOC            08000-08003               4           2
        RAM              0006E-0006F               2           1
                         000D8-000EF              18
                         0015F-0016F              11
                         001BD-001EF              33
                         00220-0026F              50
                         002A0-002EF              50
                         00320-0036F              50
                         003A0-003EF              50
                         00420-0046F              50
                         004A0-004EF              50
                         00520-0056F              50
                         005A0-005EF              50
                         00620-0064F              30
        SFR0             00000-0001F              20           1
        SFR1             00080-0009F              20           1
        SFR10            00500-0051F              20           1
        SFR11            00580-0059F              20           1
        SFR12            00600-0061F              20           1
        SFR13            00680-006EF              70           1
        SFR14            00700-0076F              70           1
        SFR15            00780-007EF              70           1
        SFR16            00800-0086F              70           1
        SFR17            00880-008EF              70           1
        SFR18            00900-0096F              70           1
        SFR19            00980-009EF              70           1
        SFR2             00100-0011F              20           1
        SFR20            00A00-00A6F              70           1
        SFR21            00A80-00AEF              70           1
        SFR22            00B00-00B6F              70           1
        SFR23            00B80-00BEF              70           1
        SFR24            00C00-00C6F              70           1
        SFR25            00C80-00CEF              70           1
        SFR26            00D00-00D6F              70           1
        SFR27            00D80-00DEF              70           1
        SFR28            00E00-00E6F              70           1
        SFR29            00E80-00EEF              70           1
        SFR3             00180-0019F              20           1
        SFR30            00F00-00F6F              70           1
        SFR31            00F80-00FEF              70           1
        SFR4             00200-0021F              20           1
        SFR5             00280-0029F              20           1
        SFR6             00300-0031F              20           1
        SFR7             00380-0039F              20           1
        SFR8             00400-0041F              20           1
        SFR9             00480-0049F              20           1
        STRCODE          00800-00A76             277           2
                         010D5-01FFF             F2B
        STRING           00800-00A76             100           2
                         010D5-01FFF             100

                                  Symbol Table

?_ADCC_GetSingleConversion                cstackCOMMON 00072
?___awdiv                                 cstackCOMMON 00072
?___awmod                                 cstackCOMMON 00072
?___wmul                                  cstackCOMMON 00072
?_abs                                     cstackCOMMON 00078
?_read_prec_or_width                      cstackCOMMON 00078
?_sprintf                                 cstackBANK1  000A0
?_vfprintf                                cstackBANK0  0004F
ADCC_GetSingleConversion@channel          cstackCOMMON 00074
LCDchar@c                                 cstackCOMMON 00079
LCDcmd@c                                  cstackCOMMON 00079
LCDpos@c                                  cstackBANK0  00020
LCDpos@l                                  cstackBANK0  00021
LCDpos@p                                  cstackBANK0  00022
LCDsend2x4@c                              cstackCOMMON 00076
LCDsend2x4@hc                             cstackCOMMON 00077
LCDsend2x4@lc                             cstackCOMMON 00078
LCDsend2x4@mode                           cstackCOMMON 00074
LCDsend@c                                 cstackCOMMON 00075
LCDstr@c                                  cstackBANK0  00024
LCDstr@p                                  cstackBANK0  00020
TMR1_SetInterruptHandler@InterruptHandler cstackCOMMON 00072
TMR1_WriteTimer@timerVal                  cstackCOMMON 00070
WriteI2C@data_out                         cstackCOMMON 00073
_ADACCH                                   (abs)        00091
_ADACCL                                   (abs)        00090
_ADACQ                                    (abs)        0009D
_ADACT                                    (abs)        00099
_ADCAP                                    (abs)        0009B
_ADCC_GetSingleConversion                 text33       00ADA
_ADCC_Initialize                          text29       00B28
_ADCLK                                    (abs)        00098
_ADCNT                                    (abs)        0010C
_ADCON0                                   (abs)        00093
_ADCON0bits                               (abs)        00093
_ADCON1                                   (abs)        00094
_ADCON1bits                               (abs)        00094
_ADCON2                                   (abs)        00095
_ADCON2bits                               (abs)        00095
_ADCON3                                   (abs)        00096
_ADCON3bits                               (abs)        00096
_ADERRH                                   (abs)        00117
_ADERRL                                   (abs)        00116
_ADFLTRH                                  (abs)        00115
_ADFLTRL                                  (abs)        00114
_ADLTHH                                   (abs)        0010F
_ADLTHL                                   (abs)        0010E
_ADPCH                                    (abs)        0009E
_ADPRE                                    (abs)        0009C
_ADPREVH                                  (abs)        0008F
_ADPREVL                                  (abs)        0008E
_ADREF                                    (abs)        0009A
_ADRESH                                   (abs)        0008D
_ADRESL                                   (abs)        0008C
_ADRPT                                    (abs)        0010D
_ADSTAT                                   (abs)        00097
_ADSTATbits                               (abs)        00097
_ADSTPTH                                  (abs)        00113
_ADSTPTL                                  (abs)        00112
_ADUTHH                                   (abs)        00111
_ADUTHL                                   (abs)        00110
_ANSELA                                   (abs)        00F38
_ANSELB                                   (abs)        00F43
_ANSELC                                   (abs)        00F4E
_ANSELD                                   (abs)        00F59
_ANSELE                                   (abs)        00F64
_I2C1_CallbackReturnReset                 (abs)        00000
_I2C1_CallbackReturnStop                  (abs)        00000
_I2C1_DO_ADDRESS_NACK                     (abs)        00000
_I2C1_DO_IDLE                             (abs)        00000
_I2C1_DO_RCEN                             (abs)        00000
_I2C1_DO_RESET                            (abs)        00000
_I2C1_DO_RX                               (abs)        00000
_I2C1_DO_RX_ACK                           (abs)        00000
_I2C1_DO_RX_NACK_RESTART                  (abs)        00000
_I2C1_DO_RX_NACK_STOP                     (abs)        00000
_I2C1_DO_SEND_ADR_READ                    (abs)        00000
_I2C1_DO_SEND_ADR_WRITE                   (abs)        00000
_I2C1_DO_SEND_RESTART                     (abs)        00000
_I2C1_DO_SEND_RESTART_READ                (abs)        00000
_I2C1_DO_SEND_RESTART_WRITE               (abs)        00000
_I2C1_DO_SEND_STOP                        (abs)        00000
_I2C1_DO_TX                               (abs)        00000
_I2C1_DO_TX_EMPTY                         (abs)        00000
_I2C1_Initialize                          text28       00AB3
_I2C1_Status                              bssBANK2     00120
_INLVLA                                   (abs)        00F3C
_INLVLB                                   (abs)        00F47
_INLVLC                                   (abs)        00F52
_INLVLD                                   (abs)        00F5D
_INLVLE                                   (abs)        00F68
_INTCONbits                               (abs)        0000B
_INTERRUPT_InterruptManager               intentry     00004
_LATA                                     (abs)        00016
_LATAbits                                 (abs)        00016
_LATB                                     (abs)        00017
_LATC                                     (abs)        00018
_LATD                                     (abs)        00019
_LATE                                     (abs)        0001A
_LCDchar                                  text18       00AA2
_LCDcmd                                   text43       00A8B
_LCDinit                                  text19       0076F
_LCDpos                                   text42       007EB
_LCDsend                                  text20       00D22
_LCDsend2x4                               text44       0044A
_LCDstr                                   text17       00B3F
_ODCONA                                   (abs)        00F3A
_ODCONB                                   (abs)        00F45
_ODCONC                                   (abs)        00F50
_ODCOND                                   (abs)        00F5B
_ODCONE                                   (abs)        00F66
_OSCCON1                                  (abs)        0088D
_OSCCON3                                  (abs)        0088F
_OSCEN                                    (abs)        00891
_OSCFRQ                                   (abs)        00893
_OSCILLATOR_Initialize                    text27       00A92
_OSCTUNE                                  (abs)        00892
_OpenI2C                                  text35       00ABC
_PIE3bits                                 (abs)        00719
_PIE4bits                                 (abs)        0071A
_PIN_MANAGER_Initialize                   text26       00DAB
_PIR3bits                                 (abs)        0070F
_PIR4bits                                 (abs)        00710
_PMD0                                     (abs)        00796
_PMD1                                     (abs)        00797
_PMD2                                     (abs)        00798
_PMD3                                     (abs)        00799
_PMD4                                     (abs)        0079A
_PMD5                                     (abs)        0079B
_PMD_Initialize                           text25       00A9A
_PORTBbits                                (abs)        0000D
_PORTCbits                                (abs)        0000E
_RC3PPS                                   (abs)        00F23
_RC4PPS                                   (abs)        00F24
_ReadI2C                                  text32       00B58
_S1_pressed                               bssBANK0     0006B
_S2_pressed                               bssBANK1     000D5
_SLRCONA                                  (abs)        00F3B
_SLRCONB                                  (abs)        00F46
_SLRCONC                                  (abs)        00F51
_SLRCOND                                  (abs)        00F5C
_SLRCONE                                  (abs)        00F67
_SSP1ADD                                  (abs)        0018D
_SSP1BUF                                  (abs)        0018C
_SSP1CLKPPS                               (abs)        00EC5
_SSP1CON1                                 (abs)        00190
_SSP1CON1bits                             (abs)        00190
_SSP1CON2                                 (abs)        00191
_SSP1CON2bits                             (abs)        00191
_SSP1DATPPS                               (abs)        00EC6
_SSP1STAT                                 (abs)        0018F
_SSP1STATbits                             (abs)        0018F
_SYSTEM_Initialize                        text22       00AFE
_T1CLK                                    (abs)        00211
_T1CON                                    (abs)        0020E
_T1CONbits                                (abs)        0020E
_T1GATE                                   (abs)        00210
_T1GCON                                   (abs)        0020F
_T1GCONbits                               (abs)        0020F
_TMR1H                                    (abs)        0020D
_TMR1L                                    (abs)        0020C
_TMR1_DefaultInterruptHandler             text50       00A78
_TMR1_ISR                                 text48       00B11
_TMR1_Initialize                          text23       00BE9
_TMR1_InterruptHandler                    nvBANK2      0015D
_TMR1_SetInterruptHandler                 text24       00A7F
_TMR1_WriteTimer                          text49       00AC9
_TRISA                                    (abs)        00011
_TRISB                                    (abs)        00012
_TRISC                                    (abs)        00013
_TRISCbits                                (abs)        00013
_TRISD                                    (abs)        00014
_TRISE                                    (abs)        00015
_WPUA                                     (abs)        00F39
_WPUB                                     (abs)        00F44
_WPUC                                     (abs)        00F4F
_WPUD                                     (abs)        00F5A
_WPUE                                     (abs)        00F65
_WriteI2C                                 text45       00DF2
__H__absolute__                           __absolute__ 00000
__Habs1                                   abs1         00000
__Hbank0                                  bank0        00000
__Hbank1                                  bank1        00000
__Hbank10                                 bank10       00000
__Hbank11                                 bank11       00000
__Hbank12                                 bank12       00000
__Hbank13                                 bank13       00000
__Hbank14                                 bank14       00000
__Hbank15                                 bank15       00000
__Hbank16                                 bank16       00000
__Hbank17                                 bank17       00000
__Hbank18                                 bank18       00000
__Hbank19                                 bank19       00000
__Hbank2                                  bank2        00000
__Hbank20                                 bank20       00000
__Hbank21                                 bank21       00000
__Hbank22                                 bank22       00000
__Hbank23                                 bank23       00000
__Hbank24                                 bank24       00000
__Hbank25                                 bank25       00000
__Hbank26                                 bank26       00000
__Hbank27                                 bank27       00000
__Hbank28                                 bank28       00000
__Hbank29                                 bank29       00000
__Hbank3                                  bank3        00000
__Hbank30                                 bank30       00000
__Hbank31                                 bank31       00000
__Hbank4                                  bank4        00000
__Hbank5                                  bank5        00000
__Hbank6                                  bank6        00000
__Hbank7                                  bank7        00000
__Hbank8                                  bank8        00000
__Hbank9                                  bank9        00000
__Hbigram                                 bigram       00000
__HbssBANK0                               bssBANK0     00000
__HbssBANK1                               bssBANK1     00000
__HbssBANK2                               bssBANK2     00000
__HbssCOMMON                              bssCOMMON    00000
__Hcinit                                  cinit        00044
__Hclrtext                                clrtext      00000
__Hcode                                   code         00000
__Hcommon                                 common       00000
__Hconfig                                 config       0800C
__HcstackBANK0                            cstackBANK0  00000
__HcstackBANK1                            cstackBANK1  00000
__HcstackBANK3                            cstackBANK3  00000
__HcstackCOMMON                           cstackCOMMON 00000
__HdataBANK0                              dataBANK0    00000
__Heeprom_data                            eeprom_data  00000
__Hend_init                               end_init     0001E
__Hfunctab                                functab      00000
__Hheap                                   heap         00000
__HidataBANK0                             idataBANK0   00000
__Hinit                                   init         0001C
__Hintentry                               intentry     0001C
__Hmaintext                               maintext     00000
__HnvBANK2                                nvBANK2      00000
__Hpowerup                                powerup      00000
__Hram                                    ram          00000
__Hreset_vec                              reset_vec    00002
__Hsfr0                                   sfr0         00000
__Hsfr1                                   sfr1         00000
__Hsfr10                                  sfr10        00000
__Hsfr11                                  sfr11        00000
__Hsfr12                                  sfr12        00000
__Hsfr13                                  sfr13        00000
__Hsfr14                                  sfr14        00000
__Hsfr15                                  sfr15        00000
__Hsfr16                                  sfr16        00000
__Hsfr17                                  sfr17        00000
__Hsfr18                                  sfr18        00000
__Hsfr19                                  sfr19        00000
__Hsfr2                                   sfr2         00000
__Hsfr20                                  sfr20        00000
__Hsfr21                                  sfr21        00000
__Hsfr22                                  sfr22        00000
__Hsfr23                                  sfr23        00000
__Hsfr24                                  sfr24        00000
__Hsfr25                                  sfr25        00000
__Hsfr26                                  sfr26        00000
__Hsfr27                                  sfr27        00000
__Hsfr28                                  sfr28        00000
__Hsfr29                                  sfr29        00000
__Hsfr3                                   sfr3         00000
__Hsfr30                                  sfr30        00000
__Hsfr31                                  sfr31        00000
__Hsfr4                                   sfr4         00000
__Hsfr5                                   sfr5         00000
__Hsfr6                                   sfr6         00000
__Hsfr7                                   sfr7         00000
__Hsfr8                                   sfr8         00000
__Hsfr9                                   sfr9         00000
__Hsivt                                   sivt         0001C
__Hspace_0                                (abs)        010D5
__Hspace_1                                (abs)        001BD
__Hspace_2                                (abs)        00000
__Hspace_3                                (abs)        00000
__Hspace_4                                (abs)        10013
__Hstack                                  stack        00000
__Hstrings                                strings      00000
__Hstringtext1                            stringtext1  00000
__Hstringtext10                           stringtext10 00000
__Hstringtext11                           stringtext11 00000
__Hstringtext12                           stringtext12 00000
__Hstringtext2                            stringtext2  00000
__Hstringtext3                            stringtext3  00000
__Hstringtext4                            stringtext4  00000
__Hstringtext5                            stringtext5  00000
__Hstringtext6                            stringtext6  00000
__Hstringtext7                            stringtext7  00000
__Hstringtext8                            stringtext8  00000
__Hstringtext9                            stringtext9  00000
__Htext                                   text         00000
__L__absolute__                           __absolute__ 00000
__Labs1                                   abs1         00000
__Lbank0                                  bank0        00000
__Lbank1                                  bank1        00000
__Lbank10                                 bank10       00000
__Lbank11                                 bank11       00000
__Lbank12                                 bank12       00000
__Lbank13                                 bank13       00000
__Lbank14                                 bank14       00000
__Lbank15                                 bank15       00000
__Lbank16                                 bank16       00000
__Lbank17                                 bank17       00000
__Lbank18                                 bank18       00000
__Lbank19                                 bank19       00000
__Lbank2                                  bank2        00000
__Lbank20                                 bank20       00000
__Lbank21                                 bank21       00000
__Lbank22                                 bank22       00000
__Lbank23                                 bank23       00000
__Lbank24                                 bank24       00000
__Lbank25                                 bank25       00000
__Lbank26                                 bank26       00000
__Lbank27                                 bank27       00000
__Lbank28                                 bank28       00000
__Lbank29                                 bank29       00000
__Lbank3                                  bank3        00000
__Lbank30                                 bank30       00000
__Lbank31                                 bank31       00000
__Lbank4                                  bank4        00000
__Lbank5                                  bank5        00000
__Lbank6                                  bank6        00000
__Lbank7                                  bank7        00000
__Lbank8                                  bank8        00000
__Lbank9                                  bank9        00000
__Lbigram                                 bigram       00000
__LbssBANK0                               bssBANK0     00000
__LbssBANK1                               bssBANK1     00000
__LbssBANK2                               bssBANK2     00000
__LbssCOMMON                              bssCOMMON    00000
__Lcinit                                  cinit        0001E
__Lclrtext                                clrtext      00000
__Lcode                                   code         00000
__Lcommon                                 common       00000
__Lconfig                                 config       00000
__LcstackBANK0                            cstackBANK0  00000
__LcstackBANK1                            cstackBANK1  00000
__LcstackBANK3                            cstackBANK3  00000
__LcstackCOMMON                           cstackCOMMON 00000
__LdataBANK0                              dataBANK0    00000
__Leeprom_data                            eeprom_data  00000
__Lend_init                               end_init     0001C
__Lfunctab                                functab      00000
__Lheap                                   heap         00000
__LidataBANK0                             idataBANK0   00000
__Linit                                   init         0001C
__Lintentry                               intentry     00004
__Lmaintext                               maintext     00000
__LnvBANK2                                nvBANK2      00000
__Lpowerup                                powerup      00000
__Lram                                    ram          00000
__Lreset_vec                              reset_vec    00000
__Lsfr0                                   sfr0         00000
__Lsfr1                                   sfr1         00000
__Lsfr10                                  sfr10        00000
__Lsfr11                                  sfr11        00000
__Lsfr12                                  sfr12        00000
__Lsfr13                                  sfr13        00000
__Lsfr14                                  sfr14        00000
__Lsfr15                                  sfr15        00000
__Lsfr16                                  sfr16        00000
__Lsfr17                                  sfr17        00000
__Lsfr18                                  sfr18        00000
__Lsfr19                                  sfr19        00000
__Lsfr2                                   sfr2         00000
__Lsfr20                                  sfr20        00000
__Lsfr21                                  sfr21        00000
__Lsfr22                                  sfr22        00000
__Lsfr23                                  sfr23        00000
__Lsfr24                                  sfr24        00000
__Lsfr25                                  sfr25        00000
__Lsfr26                                  sfr26        00000
__Lsfr27                                  sfr27        00000
__Lsfr28                                  sfr28        00000
__Lsfr29                                  sfr29        00000
__Lsfr3                                   sfr3         00000
__Lsfr30                                  sfr30        00000
__Lsfr31                                  sfr31        00000
__Lsfr4                                   sfr4         00000
__Lsfr5                                   sfr5         00000
__Lsfr6                                   sfr6         00000
__Lsfr7                                   sfr7         00000
__Lsfr8                                   sfr8         00000
__Lsfr9                                   sfr9         00000
__Lsivt                                   sivt         0001C
__Lspace_0                                (abs)        00000
__Lspace_1                                (abs)        00000
__Lspace_2                                (abs)        00000
__Lspace_3                                (abs)        00000
__Lspace_4                                (abs)        00000
__Lstack                                  stack        00000
__Lstrings                                strings      00000
__Lstringtext1                            stringtext1  00000
__Lstringtext10                           stringtext10 00000
__Lstringtext11                           stringtext11 00000
__Lstringtext12                           stringtext12 00000
__Lstringtext2                            stringtext2  00000
__Lstringtext3                            stringtext3  00000
__Lstringtext4                            stringtext4  00000
__Lstringtext5                            stringtext5  00000
__Lstringtext6                            stringtext6  00000
__Lstringtext7                            stringtext7  00000
__Lstringtext8                            stringtext8  00000
__Lstringtext9                            stringtext9  00000
__Ltext                                   text         00000
__S0                                      (abs)        010D5
__S1                                      (abs)        001BD
__S3                                      (abs)        00000
___awdiv                                  text12       00EE7
___awdiv@counter                          cstackCOMMON 00076
___awdiv@dividend                         cstackCOMMON 00074
___awdiv@divisor                          cstackCOMMON 00072
___awdiv@quotient                         cstackCOMMON 00078
___awdiv@sign                             cstackCOMMON 00077
___awmod                                  text39       00E3D
___awmod@counter                          cstackCOMMON 00076
___awmod@dividend                         cstackCOMMON 00074
___awmod@divisor                          cstackCOMMON 00072
___awmod@sign                             cstackCOMMON 00077
___heap_hi                                (abs)        00000
___heap_lo                                (abs)        00000
___int_sp                                 stack        00000
___int_stack_hi                           stack        00000
___int_stack_lo                           stack        00000
___latbits                                (abs)        00002
___sp                                     stack        00000
___stack_hi                               stack        00000
___stack_lo                               stack        00000
___stackhi                                (abs)        00000
___stacklo                                (abs)        00000
___wmul                                   text7        00BCA
___wmul@multiplicand                      cstackCOMMON 00074
___wmul@multiplier                        cstackCOMMON 00072
___wmul@product                           cstackCOMMON 00076
__end_of_ADCC_GetSingleConversion         text33       00AEC
__end_of_ADCC_Initialize                  text29       00B3F
__end_of_I2C1_Initialize                  text28       00ABC
__end_of_INTERRUPT_InterruptManager       intentry     0001C
__end_of_LCDchar                          text18       00AAA
__end_of_LCDcmd                           text43       00A92
__end_of_LCDinit                          text19       007EB
__end_of_LCDpos                           text42       00800
__end_of_LCDsend                          text20       00D65
__end_of_LCDsend2x4                       text44       004FB
__end_of_LCDstr                           text17       00B58
__end_of_OSCILLATOR_Initialize            text27       00A9A
__end_of_OpenI2C                          text35       00AC9
__end_of_PIN_MANAGER_Initialize           text26       00DF2
__end_of_PMD_Initialize                   text25       00AA2
__end_of_ReadI2C                          text32       00B72
__end_of_SYSTEM_Initialize                text22       00B11
__end_of_TMR1_DefaultInterruptHandler     text50       00A7B
__end_of_TMR1_ISR                         text48       00B28
__end_of_TMR1_Initialize                  text23       00C09
__end_of_TMR1_SetInterruptHandler         text24       00A85
__end_of_TMR1_WriteTimer                  text49       00ADA
__end_of_WriteI2C                         text45       00E3D
__end_of___awdiv                          text12       00F42
__end_of___awmod                          text39       00E8E
__end_of___wmul                           text7        00BE9
__end_of__initialization                  cinit        00040
__end_of_abs                              text11       00AFE
__end_of_alarms_update                    text46       0064D
__end_of_buttons_update                   text37       00CE2
__end_of_clock_update_1s                  text36       00B8F
__end_of_ctoa                             text13       01000
__end_of_dtoa                             text8        005A9
__end_of_fputc                            text14       00EE7
__end_of_fputs                            text10       00C4E
__end_of_i2c1_fsmStateTable               stringtext1  01020
__end_of_main                             maintext     00C2A
__end_of_pad                              text9        00DAB
__end_of_putch                            text15       00A78
__end_of_readTC74                         text31       002A4
__end_of_read_prec_or_width               text6        00F9E
__end_of_sensors_init                     text34       00A7F
__end_of_sensors_update                   text30       00D22
__end_of_sprintf                          text3        00C75
__end_of_system_init                      text21       00BAC
__end_of_ui_init                          text16       00CA7
__end_of_ui_next_state                    text40       0076F
__end_of_ui_normal                        text41       00AB3
__end_of_ui_select                        text38       0044A
__end_of_ui_time_update                   text2        0019B
__end_of_ui_update                        text1        006E2
__end_of_vfpfcnvrt                        text5        00394
__end_of_vfprintf                         text4        00BCA
__initialization                          cinit        0001E
__pbssBANK0                               bssBANK0     00065
__pbssBANK1                               bssBANK1     000BF
__pbssBANK2                               bssBANK2     00120
__pbssCOMMON                              bssCOMMON    0007A
__pcstackBANK0                            cstackBANK0  00020
__pcstackBANK1                            cstackBANK1  000A0
__pcstackBANK3                            cstackBANK3  001A0
__pcstackCOMMON                           cstackCOMMON 00070
__pdataBANK0                              dataBANK0    0006C
__pidataBANK0                             idataBANK0   00002
__pintentry                               intentry     00004
__pmaintext                               maintext     00C09
__pnvBANK2                                nvBANK2      0015D
__pstringtext1                            stringtext1  01000
__pstringtext10                           stringtext10 010BD
__pstringtext11                           stringtext11 010CA
__pstringtext12                           stringtext12 00000
__pstringtext2                            stringtext2  01020
__pstringtext3                            stringtext3  0103A
__pstringtext4                            stringtext4  0104F
__pstringtext5                            stringtext5  01062
__pstringtext6                            stringtext6  01075
__pstringtext7                            stringtext7  01087
__pstringtext8                            stringtext8  01099
__pstringtext9                            stringtext9  010AB
__ptext1                                  text1        0064D
__ptext10                                 text10       00C2A
__ptext11                                 text11       00AEC
__ptext12                                 text12       00EE7
__ptext13                                 text13       00F9E
__ptext14                                 text14       00E8E
__ptext15                                 text15       00A77
__ptext16                                 text16       00C75
__ptext17                                 text17       00B3F
__ptext18                                 text18       00AA2
__ptext19                                 text19       0076F
__ptext2                                  text2        00044
__ptext20                                 text20       00D22
__ptext21                                 text21       00B8F
__ptext22                                 text22       00AFE
__ptext23                                 text23       00BE9
__ptext24                                 text24       00A7F
__ptext25                                 text25       00A9A
__ptext26                                 text26       00DAB
__ptext27                                 text27       00A92
__ptext28                                 text28       00AB3
__ptext29                                 text29       00B28
__ptext3                                  text3        00C4E
__ptext30                                 text30       00CE2
__ptext31                                 text31       0019B
__ptext32                                 text32       00B58
__ptext33                                 text33       00ADA
__ptext34                                 text34       00A7B
__ptext35                                 text35       00ABC
__ptext36                                 text36       00B72
__ptext37                                 text37       00CA7
__ptext38                                 text38       00394
__ptext39                                 text39       00E3D
__ptext4                                  text4        00BAC
__ptext40                                 text40       006E2
__ptext41                                 text41       00AAA
__ptext42                                 text42       007EB
__ptext43                                 text43       00A8B
__ptext44                                 text44       0044A
__ptext45                                 text45       00DF2
__ptext46                                 text46       005A9
__ptext48                                 text48       00B11
__ptext49                                 text49       00AC9
__ptext5                                  text5        002A4
__ptext50                                 text50       00A78
__ptext6                                  text6        00F42
__ptext7                                  text7        00BCA
__ptext8                                  text8        004FB
__ptext9                                  text9        00D65
_abs                                      text11       00AEC
_alarm_edit_step                          bssCOMMON    0007A
_alarms_update                            text46       005A9
_buttons_update                           text37       00CA7
_clock_update_1s                          text36       00B72
_ctoa                                     text13       00F9E
_dbuf                                     bssBANK2     0013D
_dtoa                                     text8        004FB
_dtoa$3023                                cstackBANK0  00037
_flags                                    bssBANK0     00069
_fputc                                    text14       00E8E
_fputs                                    text10       00C2A
_i2c1_fsmStateTable                       stringtext1  01000
_luminosity_value                         bssBANK1     000D6
_main                                     maintext     00C09
_pad                                      text9        00D65
_prec                                     bssBANK1     000D1
_putch                                    text15       00A77
_rd1RegCompleteHandler                    (abs)        00000
_rd2RegCompleteHandler                    (abs)        00000
_rdBlkRegCompleteHandler                  (abs)        00000
_readTC74                                 text31       0019B
_read_prec_or_width                       text6        00F42
_sensors_init                             text34       00A7B
_sensors_update                           text30       00CE2
_sprintf                                  text3        00C4E
_system                                   bssBANK1     000BF
_system_init                              text21       00B8F
_temperature_value                        bssBANK1     000D7
_timer1ReloadVal                          bssBANK0     00067
_ui_init                                  text16       00C75
_ui_next_state                            text40       006E2
_ui_normal                                text41       00AAA
_ui_select                                text38       00394
_ui_state                                 bssBANK1     000D4
_ui_time_update                           text2        00044
_ui_time_update$1067                      cstackBANK3  001B5
_ui_time_update$1069                      cstackBANK3  001B7
_ui_time_update$1071                      cstackBANK3  001B9
_ui_time_update$1073                      cstackBANK3  001BB
_ui_update                                text1        0064D
_vfpfcnvrt                                text5        002A4
_vfprintf                                 text4        00BAC
_width                                    bssBANK0     00065
_wr1RegCompleteHandler                    (abs)        00000
_wr2RegCompleteHandler                    (abs)        00000
abs@a                                     cstackCOMMON 00078
alarms_update@l_on                        cstackCOMMON 00077
alarms_update@new_alarm                   cstackCOMMON 00075
alarms_update@prev_sec                    bssCOMMON    0007B
alarms_update@t_on                        cstackCOMMON 00076
btemp                                     (abs)        0007E
btemp0                                    (abs)        0007E
btemp1                                    (abs)        0007F
buttons_update@now_S1                     cstackBANK0  00025
buttons_update@now_S2                     cstackBANK0  00026
buttons_update@prev_S1                    dataBANK0    0006D
buttons_update@prev_S2                    dataBANK0    0006C
clear_ram0                                clrtext      00A85
ctoa@c                                    cstackBANK0  00027
ctoa@fp                                   cstackBANK0  00025
ctoa@l                                    cstackBANK0  00028
ctoa@w                                    cstackBANK0  0002A
dtoa@d                                    cstackBANK0  00034
dtoa@fp                                   cstackBANK0  00032
dtoa@i                                    cstackBANK0  0003D
dtoa@p                                    cstackBANK0  00039
dtoa@s                                    cstackBANK0  0003C
dtoa@w                                    cstackBANK0  0003A
end_of_initialization                     cinit        00040
fputc@c                                   cstackCOMMON 00072
fputc@fp                                  cstackCOMMON 00074
fputs@c                                   cstackBANK0  00028
fputs@fp                                  cstackBANK0  00026
fputs@i                                   cstackBANK0  00029
fputs@s                                   cstackBANK0  00025
int$flags                                 (abs)        0007E
intlevel0                                 functab      00000
intlevel1                                 functab      00000
intlevel2                                 functab      00000
intlevel3                                 functab      00000
intlevel4                                 functab      00000
intlevel5                                 functab      00000
ltemp0a                                   (abs)        00080
pad@buf                                   cstackBANK0  0002D
pad@fp                                    cstackBANK0  0002B
pad@i                                     cstackBANK0  00030
pad@p                                     cstackBANK0  0002E
readTC74@value                            cstackCOMMON 00075
read_prec_or_width@ap                     cstackCOMMON 00079
read_prec_or_width@c                      cstackBANK0  00023
read_prec_or_width@fmt                    cstackCOMMON 00078
read_prec_or_width@n                      cstackBANK0  00024
reset_vec                                 reset_vec    00000
sensors_update@adc_val                    cstackCOMMON 00077
sensors_update@level                      cstackCOMMON 00076
sensors_update@sec_count                  bssBANK0     0006A
sprintf@ap                                cstackBANK0  00057
sprintf@f                                 cstackBANK0  00058
sprintf@fmt                               cstackBANK1  000A1
sprintf@s                                 cstackBANK1  000A0
start                                     init         0001C
start_initialization                      cinit        0001E
ttemp0a                                   (abs)        0007F
ui_time_update@buf                        cstackBANK3  001A0
ui_time_update@cA                         cstackBANK3  001B4
ui_time_update@cC                         cstackBANK3  001B1
ui_time_update@cL                         cstackBANK3  001B3
ui_time_update@cT                         cstackBANK3  001B2
vfpfcnvrt@ap                              cstackBANK0  00042
vfpfcnvrt@c                               cstackBANK0  0004B
vfpfcnvrt@convarg                         cstackBANK0  00047
vfpfcnvrt@cp                              cstackBANK0  0004D
vfpfcnvrt@done                            cstackBANK0  0004C
vfpfcnvrt@fmt                             cstackBANK0  00041
vfpfcnvrt@fp                              cstackBANK0  0003F
vfprintf@ap                               cstackBANK0  00053
vfprintf@cfmt                             cstackBANK0  00055
vfprintf@fmt                              cstackBANK0  00051
vfprintf@fp                               cstackBANK0  0004F
wtemp0                                    (abs)        0007E
wtemp0a                                   (abs)        0007F


MODULE INFORMATION

Module		Function		Class		Link	Load	Size
C:\Program Files\Microchip\xc8\v3.10\pic\sources\c99\common\awmod.c
		___awmod       		CODE           	0E3D	0000	81

C:\Program Files\Microchip\xc8\v3.10\pic\sources\c99\common\awmod.c estimated size: 81

C:\Program Files\Microchip\xc8\v3.10\pic\sources\c99\common\putch.c
		_putch         		CODE           	0A77	0000	1

C:\Program Files\Microchip\xc8\v3.10\pic\sources\c99\common\putch.c estimated size: 1

modules/ui.c
		_ui_update     		CODE           	064D	0000	149
		_ui_normal     		CODE           	0AAA	0000	9
		_ui_init       		CODE           	0C75	0000	50
		_ui_select     		CODE           	0394	0000	182
		_ui_next_state 		CODE           	06E2	0000	141
		_ui_time_update		CODE           	0044	0000	343

modules/ui.c estimated size: 874

mcc_generated_files/i2c1_master.c
		_I2C1_Initialize		CODE           	0AB3	0000	9

mcc_generated_files/i2c1_master.c estimated size: 9

mcc_generated_files/interrupt_manager.c
		_INTERRUPT_InterruptManager		CODE           	0004	0000	24

mcc_generated_files/interrupt_manager.c estimated size: 24

C:\Program Files\Microchip\xc8\v3.10\pic\sources\c99\common\abs.c
		_abs           		CODE           	0AEC	0000	18

C:\Program Files\Microchip\xc8\v3.10\pic\sources\c99\common\abs.c estimated size: 18

C:\Program Files\Microchip\xc8\v3.10\pic\sources\c99\common\nf_fputs.c
		_fputs         		CODE           	0C2A	0000	36

C:\Program Files\Microchip\xc8\v3.10\pic\sources\c99\common\nf_fputs.c estimated size: 36

mcc_generated_files/pin_manager.c
		_PIN_MANAGER_Initialize		CODE           	0DAB	0000	71

mcc_generated_files/pin_manager.c estimated size: 71

I2C/i2c.c
		_ReadI2C       		CODE           	0B58	0000	26
		_WriteI2C      		CODE           	0DF2	0000	75
		_OpenI2C       		CODE           	0ABC	0000	13

I2C/i2c.c estimated size: 114

modules/clock.c
		_clock_update_1s		CODE           	0B72	0000	29

modules/clock.c estimated size: 29

LCD/lcd.c
		_LCDinit       		CODE           	076F	0000	124
		_LCDsend       		CODE           	0D22	0000	67
		_LCDsend2x4    		CODE           	044A	0000	177
		_LCDstr        		CODE           	0B3F	0000	25
		_LCDchar       		CODE           	0AA2	0000	8
		_LCDpos        		CODE           	07EB	0000	21
		_LCDcmd        		CODE           	0A8B	0000	7

LCD/lcd.c estimated size: 429

C:\Program Files\Microchip\xc8\v3.10\pic\sources\c99\common\awdiv.c
		___awdiv       		CODE           	0EE7	0000	91

C:\Program Files\Microchip\xc8\v3.10\pic\sources\c99\common\awdiv.c estimated size: 91

C:\Program Files\Microchip\xc8\v3.10\pic\sources\c99\common\nf_sprintf.c
		_sprintf       		CODE           	0C4E	0000	39

C:\Program Files\Microchip\xc8\v3.10\pic\sources\c99\common\nf_sprintf.c estimated size: 39

system/system.c
		_system_init   		CODE           	0B8F	0000	29

system/system.c estimated size: 29

shared
		__initialization		CODE           	001E	0000	34
		_i2c1_fsmStateTable		STRCODE        	1000	0000	32

shared estimated size: 66

mcc_generated_files/mcc.c
		_PMD_Initialize		CODE           	0A9A	0000	8
		_OSCILLATOR_Initialize		CODE           	0A92	0000	8
		_SYSTEM_Initialize		CODE           	0AFE	0000	19

mcc_generated_files/mcc.c estimated size: 35

modules/sensors.c
		_readTC74      		CODE           	019B	0000	265
		_sensors_init  		CODE           	0A7B	0000	4
		_sensors_update		CODE           	0CE2	0000	64

modules/sensors.c estimated size: 333

C:\Program Files\Microchip\xc8\v3.10\pic\sources\c99\common\nf_fputc.c
		_fputc         		CODE           	0E8E	0000	89

C:\Program Files\Microchip\xc8\v3.10\pic\sources\c99\common\nf_fputc.c estimated size: 89

mcc_generated_files/tmr1.c
		_TMR1_Initialize		CODE           	0BE9	0000	32
		_TMR1_SetInterruptHandler		CODE           	0A7F	0000	6
		_TMR1_DefaultInterruptHandler		CODE           	0A78	0000	3
		_TMR1_WriteTimer		CODE           	0AC9	0000	17
		_TMR1_ISR      		CODE           	0B11	0000	23

mcc_generated_files/tmr1.c estimated size: 81

modules/buttons.c
		_buttons_update		CODE           	0CA7	0000	59

modules/buttons.c estimated size: 59

modules/alarms.c
		_alarms_update 		CODE           	05A9	0000	164

modules/alarms.c estimated size: 164

mcc_generated_files/adcc.c
		_ADCC_GetSingleConversion		CODE           	0ADA	0000	18
		_ADCC_Initialize		CODE           	0B28	0000	23

mcc_generated_files/adcc.c estimated size: 41

C:\Program Files\Microchip\xc8\v3.10\pic\sources\c99\common\doprnt.c
		_read_prec_or_width		CODE           	0F42	0000	92
		_vfpfcnvrt     		CODE           	02A4	0000	240
		_pad           		CODE           	0D65	0000	70
		_ctoa          		CODE           	0F9E	0000	98
		_dtoa          		CODE           	04FB	0000	174
		_vfprintf      		CODE           	0BAC	0000	30

C:\Program Files\Microchip\xc8\v3.10\pic\sources\c99\common\doprnt.c estimated size: 704

main.c
		_main          		CODE           	0C09	0000	33

main.c estimated size: 33

C:\Program Files\Microchip\xc8\v3.10\pic\sources\c99\common\Umul16.c
		___wmul        		CODE           	0BCA	0000	31

C:\Program Files\Microchip\xc8\v3.10\pic\sources\c99\common\Umul16.c estimated size: 31

