Microchip MPLAB XC8 Compiler V3.10

Linker command line:

-W-3 \
  --edf=C:\Program Files\Microchip\xc8\v3.10\pic\dat\20250813170317_en.msgs \
  -cn \
  -h+dist/default/production\Weather-Station-and-Alarm-Clock-master.production.sym \
  --cmf=dist/default/production\Weather-Station-and-Alarm-Clock-master.production.cmf \
  -z -Q16F18875 \
  -oC:\Users\HYEJOO~1\AppData\Local\Temp\xcAsnyk.0\driver_tmp_3.o \
  --defsym=__MPLAB_BUILD=1 --fixupoverflow=error \
  -Mdist/default/production/Weather-Station-and-Alarm-Clock-master.production.map \
  --md=C:\Users\HYEJOO~1\AppData\Local\Temp\xcAsnyk.0\driver_tmp_0.dat -E1 \
  -ver=XC8 Compiler -ACODE=00h-07FFhx4 -ASTRCODE=00h-01FFFh \
  -ASTRING=00h-0FFhx32 -ACONST=00h-0FFhx32 -AENTRY=00h-0FFhx32 \
  -ACOMMON=070h-07Fh -ABANK0=020h-06Fh -ABANK1=0A0h-0EFh \
  -ABANK2=0120h-016Fh -ABANK3=01A0h-01EFh -ABANK4=0220h-026Fh \
  -ABANK5=02A0h-02EFh -ABANK6=0320h-036Fh -ABANK7=03A0h-03EFh \
  -ABANK8=0420h-046Fh -ABANK9=04A0h-04EFh -ABANK10=0520h-056Fh \
  -ABANK11=05A0h-05EFh -ABANK12=0620h-064Fh -ABIGRAM=02000h-023EFh \
  -ARAM=020h-06Fh,0A0h-0EFh,0120h-016Fh,01A0h-01EFh,0220h-026Fh,02A0h-02EFh,0320h-036Fh,03A0h-03EFh,0420h-046Fh,04A0h-04EFh,0520h-056Fh,05A0h-05EFh,0620h-064Fh \
  -AABS1=020h-07Fh,0A0h-0EFh,0120h-016Fh,01A0h-01EFh,0220h-026Fh,02A0h-02EFh,0320h-036Fh,03A0h-03EFh,0420h-046Fh,04A0h-04EFh,0520h-056Fh,05A0h-05EFh,0620h-064Fh \
  -ASFR0=00h-01Fh -ASFR1=080h-09Fh -ASFR2=0100h-011Fh -ASFR3=0180h-019Fh \
  -ASFR4=0200h-021Fh -ASFR5=0280h-029Fh -ASFR6=0300h-031Fh \
  -ASFR7=0380h-039Fh -ASFR8=0400h-041Fh -ASFR9=0480h-049Fh \
  -ASFR10=0500h-051Fh -ASFR11=0580h-059Fh -ASFR12=0600h-061Fh \
  -ASFR13=0680h-06EFh -ASFR14=0700h-076Fh -ASFR15=0780h-07EFh \
  -ASFR16=0800h-086Fh -ASFR17=0880h-08EFh -ASFR18=0900h-096Fh \
  -ASFR19=0980h-09EFh -ASFR20=0A00h-0A6Fh -ASFR21=0A80h-0AEFh \
  -ASFR22=0B00h-0B6Fh -ASFR23=0B80h-0BEFh -ASFR24=0C00h-0C6Fh \
  -ASFR25=0C80h-0CEFh -ASFR26=0D00h-0D6Fh -ASFR27=0D80h-0DEFh \
  -ASFR28=0E00h-0E6Fh -ASFR29=0E80h-0EEFh -ASFR30=0F00h-0F6Fh \
  -ASFR31=0F80h-0FEFh -ACONFIG=08007h-0800Bh -DCONFIG=2 \
  -AIDLOC=08000h-08003h -DIDLOC=2 -AEEDATA=00h-0FFh/0F000h \
  -peeprom_data=EEDATA -DEEDATA=2 -DCODE=2 -DSTRCODE=2 -DSTRING=2 -DCONST=2 \
  -DENTRY=2 -preset_vec=00h,intentry=04h,sivt,init,end_init -ppowerup=CODE \
  -pcinit=CODE -pfunctab=ENTRY -k \
  C:\Users\HYEJOO~1\AppData\Local\Temp\xcAsnyk.0\driver_tmp_20.o \
  dist/default/production\Weather-Station-and-Alarm-Clock-master.production.o 

Object code version is 3.11

Machine type is 16F18875



                Name                               Link     Load   Length Selector   Space Scale
C:\Users\HYEJOO~1\AppData\Local\Temp\xcAsnyk.0\driver_tmp_20.o
                end_init                             1C       1C        2        8       0
                reset_vec                             0        0        2        0       0
                config                             8007     8007        5        0       4
dist/default/production\Weather-Station-and-Alarm-Clock-master.production.o
                cinit                                1E       1E       48        8       0
                intentry                              4        4       18        8       0
                config                             8007     8007        5        0       4
                text68                             128D     128D        3     251A       0
                text67                             1338     1338       11     2670       0
                text66                             13AA     13AA       17     2754       0
                text64                             1445     1445       1E     288A       0
                text63                             12E3     12E3        C     25C6       0
                text62                             1762     1762       4D     2EC4       0
                text61                             1463     1463       1E     28C6       0
                text60                             168D     168D       43     2D1A       0
                text59                              729      729       D2        8       0
                text58                              E6D      E6D       C9     1CDA       0
                text57                              F36      F36       CA     1E6C       0
                text56                              B00      B00       AB     1600       0
                text55                             1717     1717       4B     2E2E       0
                text54                              C57      C57       B1     18AE       0
                text53                             12B2     12B2        7     2564       0
                text52                             1380     1380       15     2700       0
                text51                             12D1     12D1        9     25A2       0
                text50                              D08      D08       B2     1A10       0
                text49                             12B9     12B9        8     2572       0
                text48                             13D8     13D8       19     27B0       0
                text47                             1293     1293        4     2526       0
                text46                             17AF     17AF       51     2F5E       0
                text45                              50B      50B      115        8       0
                text44                             164B     164B       42     2C96       0
                text43                             140B     140B       1D     2816       0
                text42                             12EF     12EF        D     25DE       0
                text41                             1297     1297        4     252E       0
                text40                             1349     1349       12     2692       0
                text39                             13F1     13F1       1A     27E2       0
                text38                              620      620      109        8       0
                text37                             160B     160B       40     2C16       0
                text36                             13C1     13C1       17     2782       0
                text35                             12DA     12DA        9     25B4       0
                text34                             12C1     12C1        8     2582       0
                text33                             16D0     16D0       47     2DA0       0
                text32                             12C9     12C9        8     2592       0
                text31                             12A0     12A0        6     2540       0
                text30                             14A0     14A0       20     2940       0
                text29                             136D     136D       13     26DA       0
                text28                             1428     1428       1D     2850       0
                text27                              801      801       43     1002       0
                text26                              A84      A84       7C     1508       0
                text25                             1535     1535       31     2A6A       0
                text24                             12FC     12FC        F     25F8       0
                text23                             130B     130B        F     2616       0
                text22                             131A     131A        F     2634       0
                text21                             1329     1329        F     2652       0
                text20                                3        3        1        6       0
                text19                              897      897       59     112E       0
                text18                              9A7      9A7       69     134E       0
                text17                              8F0      8F0       5B     11E0       0
                text16                             135B     135B       12     26B6       0
                text15                             14C0     14C0       24     2980       0
                text14                             1395     1395       15     272A       0
                text13                              844      844       53     1088       0
                text12                              DBA      DBA       B3     1B74       0
                text11                             1481     1481       1F     2902       0
                text10                              94B      94B       5C     1296       0
                text9                              15D1     15D1       3A     2BA2       0
                text8                              1566     1566       32     2ACC       0
                text7                               A10      A10       74     1420       0
                text6                                66       66      19E        8       0
                text5                              150B     150B       2A     2A16       0
                text4                              14E4     14E4       27     29C8       0
                text3                               39D      39D      16E        8       0
                text2                               204      204      199        8       0
                text1                               BAB      BAB       AC     1756       0
                maintext                           1598     1598       39     2B30       0
                cstackBANK0                          20       20       46       20       1
                cstackCOMMON                         70       70        A       70       1
                cstackBANK1                          A0       A0       23       A0       1
                cstackBANK3                         1A0      1A0       26      1A0       1
                clrtext                            12A6     12A6        6     254C       0
                inittext                           12AC     12AC        6     2558       0
                dataBANK3                           1EB      1EB        5      1A0       1
                bssBANK3                            1C6      1C6       25      1A0       1
                dataBANK2                           169      169        5      120       1
                bssBANK2                            120      120       49      120       1
                dataBANK1                            D2       D2        3       A0       1
                bssBANK1                             C3       C3        F       A0       1
                bssBANK0                             66       66        6       20       1
                bssCOMMON                            7A       7A        2       70       1
                stringtext13                       18F0     18F0        B     3000       0
                stringtext12                       18E5     18E5        B     3000       0
                stringtext11                       18D8     18D8        D     3000       0
                stringtext10                       18C6     18C6       12     3000       0
                stringtext9                        18B4     18B4       12     3000       0
                stringtext8                        18A2     18A2       12     3000       0
                stringtext7                        1890     1890       12     3000       0
                stringtext6                        187D     187D       13     3000       0
                stringtext5                        186A     186A       13     3000       0
                stringtext4                        1855     1855       15     3000       0
                stringtext3                        183C     183C       19     3000       0
                stringtext2                        1820     1820       1C     3000       0
                nvBANK1                              D5       D5        2       A0       1
                stringtext1                        1800     1800       20     3000       0
                idataBANK3                         129B     129B        5     2536       0
                idataBANK2                          7FB      7FB        5        8       0
                idataBANK1                         1290     1290        3     2520       0

TOTAL           Name                               Link     Load   Length     Space
        CLASS   CODE           
                end_init                             1C       1C        2         0
                cinit                                1E       1E       48         0
                intentry                              4        4       18         0
                reset_vec                             0        0        2         0
                text68                             128D     128D        3         0
                text67                             1338     1338       11         0
                text66                             13AA     13AA       17         0
                text64                             1445     1445       1E         0
                text63                             12E3     12E3        C         0
                text62                             1762     1762       4D         0
                text61                             1463     1463       1E         0
                text60                             168D     168D       43         0
                text59                              729      729       D2         0
                text58                              E6D      E6D       C9         0
                text57                              F36      F36       CA         0
                text56                              B00      B00       AB         0
                text55                             1717     1717       4B         0
                text54                              C57      C57       B1         0
                text53                             12B2     12B2        7         0
                text52                             1380     1380       15         0
                text51                             12D1     12D1        9         0
                text50                              D08      D08       B2         0
                text49                             12B9     12B9        8         0
                text48                             13D8     13D8       19         0
                text47                             1293     1293        4         0
                text46                             17AF     17AF       51         0
                text45                              50B      50B      115         0
                text44                             164B     164B       42         0
                text43                             140B     140B       1D         0
                text42                             12EF     12EF        D         0
                text41                             1297     1297        4         0
                text40                             1349     1349       12         0
                text39                             13F1     13F1       1A         0
                text38                              620      620      109         0
                text37                             160B     160B       40         0
                text36                             13C1     13C1       17         0
                text35                             12DA     12DA        9         0
                text34                             12C1     12C1        8         0
                text33                             16D0     16D0       47         0
                text32                             12C9     12C9        8         0
                text31                             12A0     12A0        6         0
                text30                             14A0     14A0       20         0
                text29                             136D     136D       13         0
                text28                             1428     1428       1D         0
                text27                              801      801       43         0
                text26                              A84      A84       7C         0
                text25                             1535     1535       31         0
                text24                             12FC     12FC        F         0
                text23                             130B     130B        F         0
                text22                             131A     131A        F         0
                text21                             1329     1329        F         0
                text20                                3        3        1         0
                text19                              897      897       59         0
                text18                              9A7      9A7       69         0
                text17                              8F0      8F0       5B         0
                text16                             135B     135B       12         0
                text15                             14C0     14C0       24         0
                text14                             1395     1395       15         0
                text13                              844      844       53         0
                text12                              DBA      DBA       B3         0
                text11                             1481     1481       1F         0
                text10                              94B      94B       5C         0
                text9                              15D1     15D1       3A         0
                text8                              1566     1566       32         0
                text7                               A10      A10       74         0
                text6                                66       66      19E         0
                text5                              150B     150B       2A         0
                text4                              14E4     14E4       27         0
                text3                               39D      39D      16E         0
                text2                               204      204      199         0
                text1                               BAB      BAB       AC         0
                maintext                           1598     1598       39         0
                clrtext                            12A6     12A6        6         0
                inittext                           12AC     12AC        6         0
                idataBANK3                         129B     129B        5         0
                idataBANK2                          7FB      7FB        5         0
                idataBANK1                         1290     1290        3         0

        CLASS   STRCODE        
                stringtext13                       18F0     18F0        B         0
                stringtext12                       18E5     18E5        B         0
                stringtext11                       18D8     18D8        D         0
                stringtext10                       18C6     18C6       12         0
                stringtext9                        18B4     18B4       12         0
                stringtext8                        18A2     18A2       12         0
                stringtext7                        1890     1890       12         0
                stringtext6                        187D     187D       13         0
                stringtext5                        186A     186A       13         0
                stringtext4                        1855     1855       15         0
                stringtext3                        183C     183C       19         0
                stringtext2                        1820     1820       1C         0
                stringtext1                        1800     1800       20         0

        CLASS   STRING         

        CLASS   CONST          

        CLASS   ENTRY          

        CLASS   COMMON         
                cstackCOMMON                         70       70        A         1
                bssCOMMON                            7A       7A        2         1

        CLASS   BANK0          
                cstackBANK0                          20       20       46         1
                bssBANK0                             66       66        6         1

        CLASS   BANK1          
                cstackBANK1                          A0       A0       23         1
                dataBANK1                            D2       D2        3         1
                bssBANK1                             C3       C3        F         1
                nvBANK1                              D5       D5        2         1

        CLASS   BANK2          
                dataBANK2                           169      169        5         1
                bssBANK2                            120      120       49         1

        CLASS   BANK3          
                cstackBANK3                         1A0      1A0       26         1
                dataBANK3                           1EB      1EB        5         1
                bssBANK3                            1C6      1C6       25         1

        CLASS   BANK4          

        CLASS   BANK5          

        CLASS   BANK6          

        CLASS   BANK7          

        CLASS   BANK8          

        CLASS   BANK9          

        CLASS   BANK10         

        CLASS   BANK11         

        CLASS   BANK12         

        CLASS   BIGRAM         

        CLASS   RAM            

        CLASS   ABS1           
                abs_s1                               7E       7E        2         1

        CLASS   SFR0           

        CLASS   SFR1           

        CLASS   SFR2           

        CLASS   SFR3           

        CLASS   SFR4           

        CLASS   SFR5           

        CLASS   SFR6           

        CLASS   SFR7           

        CLASS   SFR8           

        CLASS   SFR9           

        CLASS   SFR10          

        CLASS   SFR11          

        CLASS   SFR12          

        CLASS   SFR13          

        CLASS   SFR14          

        CLASS   SFR15          

        CLASS   SFR16          

        CLASS   SFR17          

        CLASS   SFR18          

        CLASS   SFR19          

        CLASS   SFR20          

        CLASS   SFR21          

        CLASS   SFR22          

        CLASS   SFR23          

        CLASS   SFR24          

        CLASS   SFR25          

        CLASS   SFR26          

        CLASS   SFR27          

        CLASS   SFR28          

        CLASS   SFR29          

        CLASS   SFR30          

        CLASS   SFR31          

        CLASS   CONFIG         
                config                             8007     8007        5         4

        CLASS   IDLOC          

        CLASS   EEDATA         

        CLASS   BANK31         

        CLASS   BANK30         

        CLASS   BANK29         

        CLASS   BANK28         

        CLASS   BANK27         

        CLASS   BANK26         

        CLASS   BANK25         

        CLASS   BANK24         

        CLASS   BANK23         

        CLASS   BANK22         

        CLASS   BANK21         

        CLASS   BANK20         

        CLASS   BANK19         

        CLASS   BANK18         

        CLASS   BANK17         

        CLASS   BANK16         

        CLASS   BANK15         

        CLASS   BANK14         

        CLASS   BANK13         

        CLASS   HEAP           

        CLASS   STACK          



SEGMENTS        Name                           Load    Length   Top    Selector   Space  Class     Delta

                reset_vec                      000000  000002  000002         0       0  CODE        2
                text20                         000003  000001  000004         6       0  CODE        2
                intentry                       000004  0007FC  000800         8       0  CODE        2
                cstackBANK0                    000020  00004C  00006C        20       1  BANK0       1
                cstackCOMMON                   000070  00000C  00007C        70       1  COMMON      1
                cstackBANK1                    0000A0  000037  0000D7        A0       1  BANK1       1
                bssBANK2                       000120  00004E  00016E       120       1  BANK2       1
                cstackBANK3                    0001A0  000050  0001F0       1A0       1  BANK3       1
                text27                         000801  000043  000844      1002       0  CODE        2
                text13                         000844  000053  000897      1088       0  CODE        2
                text19                         000897  000059  0008F0      112E       0  CODE        2
                text17                         0008F0  00005B  00094B      11E0       0  CODE        2
                text10                         00094B  00005C  0009A7      1296       0  CODE        2
                text18                         0009A7  000069  000A10      134E       0  CODE        2
                text7                          000A10  000074  000A84      1420       0  CODE        2
                text26                         000A84  00007C  000B00      1508       0  CODE        2
                text56                         000B00  0000AB  000BAB      1600       0  CODE        2
                text1                          000BAB  0000AC  000C57      1756       0  CODE        2
                text54                         000C57  0000B1  000D08      18AE       0  CODE        2
                text50                         000D08  0000B2  000DBA      1A10       0  CODE        2
                text12                         000DBA  0000B3  000E6D      1B74       0  CODE        2
                text58                         000E6D  0000C9  000F36      1CDA       0  CODE        2
                text57                         000F36  0000CA  001000      1E6C       0  CODE        2
                text68                         00128D  000003  001290      251A       0  CODE        2
                idataBANK1                     001290  000003  001293      2520       0  CODE        2
                text47                         001293  000004  001297      2526       0  CODE        2
                text41                         001297  000004  00129B      252E       0  CODE        2
                idataBANK3                     00129B  000005  0012A0      2536       0  CODE        2
                text31                         0012A0  000006  0012A6      2540       0  CODE        2
                clrtext                        0012A6  000006  0012AC      254C       0  CODE        2
                inittext                       0012AC  000006  0012B2      2558       0  CODE        2
                text53                         0012B2  000007  0012B9      2564       0  CODE        2
                text49                         0012B9  000008  0012C1      2572       0  CODE        2
                text34                         0012C1  000008  0012C9      2582       0  CODE        2
                text32                         0012C9  000008  0012D1      2592       0  CODE        2
                text51                         0012D1  000009  0012DA      25A2       0  CODE        2
                text35                         0012DA  000009  0012E3      25B4       0  CODE        2
                text63                         0012E3  00000C  0012EF      25C6       0  CODE        2
                text42                         0012EF  00000D  0012FC      25DE       0  CODE        2
                text24                         0012FC  00000F  00130B      25F8       0  CODE        2
                text23                         00130B  00000F  00131A      2616       0  CODE        2
                text22                         00131A  00000F  001329      2634       0  CODE        2
                text21                         001329  00000F  001338      2652       0  CODE        2
                text67                         001338  000011  001349      2670       0  CODE        2
                text40                         001349  000012  00135B      2692       0  CODE        2
                text16                         00135B  000012  00136D      26B6       0  CODE        2
                text29                         00136D  000013  001380      26DA       0  CODE        2
                text52                         001380  000015  001395      2700       0  CODE        2
                text14                         001395  000015  0013AA      272A       0  CODE        2
                text66                         0013AA  000017  0013C1      2754       0  CODE        2
                text36                         0013C1  000017  0013D8      2782       0  CODE        2
                text48                         0013D8  000019  0013F1      27B0       0  CODE        2
                text39                         0013F1  00001A  00140B      27E2       0  CODE        2
                text43                         00140B  00001D  001428      2816       0  CODE        2
                text28                         001428  00001D  001445      2850       0  CODE        2
                text64                         001445  00001E  001463      288A       0  CODE        2
                text61                         001463  00001E  001481      28C6       0  CODE        2
                text11                         001481  00001F  0014A0      2902       0  CODE        2
                text30                         0014A0  000020  0014C0      2940       0  CODE        2
                text15                         0014C0  000024  0014E4      2980       0  CODE        2
                text4                          0014E4  000027  00150B      29C8       0  CODE        2
                text5                          00150B  00002A  001535      2A16       0  CODE        2
                text25                         001535  000031  001566      2A6A       0  CODE        2
                text8                          001566  000032  001598      2ACC       0  CODE        2
                maintext                       001598  000039  0015D1      2B30       0  CODE        2
                text9                          0015D1  00003A  00160B      2BA2       0  CODE        2
                text37                         00160B  000040  00164B      2C16       0  CODE        2
                text44                         00164B  000042  00168D      2C96       0  CODE        2
                text60                         00168D  000043  0016D0      2D1A       0  CODE        2
                text33                         0016D0  000047  001717      2DA0       0  CODE        2
                text55                         001717  00004B  001762      2E2E       0  CODE        2
                text62                         001762  00004D  0017AF      2EC4       0  CODE        2
                text46                         0017AF  000051  001800      2F5E       0  CODE        2
                stringtext1                    001800  0000FB  0018FB      3000       0  STRCODE     2


UNUSED ADDRESS RANGES

        Name                Unused          Largest block    Delta
        BANK0            0006C-0006F               4           1
        BANK1            000D7-000EF              19           1
        BANK10           00520-0056F              50           1
        BANK11           005A0-005EF              50           1
        BANK12           00620-0064F              30           1
        BANK2            0016E-0016F               2           1
        BANK4            00220-0026F              50           1
        BANK5            002A0-002EF              50           1
        BANK6            00320-0036F              50           1
        BANK7            003A0-003EF              50           1
        BANK8            00420-0046F              50           1
        BANK9            004A0-004EF              50           1
        BIGRAM           02000-023EF             3F0           1
        CODE             00002-00002               1           2
                         00800-00800               1
                         01000-0128C             28D
                         018FB-01FFF             705
        COMMON           0007C-0007D               2           1
        CONST            00002-00002               1           2
                         00800-00800               1
                         01000-0128C             100
                         018FB-01FFF             100
        EEDATA           0F000-0F0FF             100           2
        ENTRY            00002-00002               1           2
                         00800-00800               1
                         01000-0128C             100
                         018FB-01FFF             100
        IDLOC            08000-08003               4           2
        RAM              0006C-0006F               4           1
                         000D7-000EF              19
                         0016E-0016F               2
                         00220-0026F              50
                         002A0-002EF              50
                         00320-0036F              50
                         003A0-003EF              50
                         00420-0046F              50
                         004A0-004EF              50
                         00520-0056F              50
                         005A0-005EF              50
                         00620-0064F              30
        SFR0             00000-0001F              20           1
        SFR1             00080-0009F              20           1
        SFR10            00500-0051F              20           1
        SFR11            00580-0059F              20           1
        SFR12            00600-0061F              20           1
        SFR13            00680-006EF              70           1
        SFR14            00700-0076F              70           1
        SFR15            00780-007EF              70           1
        SFR16            00800-0086F              70           1
        SFR17            00880-008EF              70           1
        SFR18            00900-0096F              70           1
        SFR19            00980-009EF              70           1
        SFR2             00100-0011F              20           1
        SFR20            00A00-00A6F              70           1
        SFR21            00A80-00AEF              70           1
        SFR22            00B00-00B6F              70           1
        SFR23            00B80-00BEF              70           1
        SFR24            00C00-00C6F              70           1
        SFR25            00C80-00CEF              70           1
        SFR26            00D00-00D6F              70           1
        SFR27            00D80-00DEF              70           1
        SFR28            00E00-00E6F              70           1
        SFR29            00E80-00EEF              70           1
        SFR3             00180-0019F              20           1
        SFR30            00F00-00F6F              70           1
        SFR31            00F80-00FEF              70           1
        SFR4             00200-0021F              20           1
        SFR5             00280-0029F              20           1
        SFR6             00300-0031F              20           1
        SFR7             00380-0039F              20           1
        SFR8             00400-0041F              20           1
        SFR9             00480-0049F              20           1
        STRCODE          00002-00002               1           2
                         00800-00800               1
                         01000-0128C             28D
                         018FB-01FFF             705
        STRING           00002-00002               1           2
                         00800-00800               1
                         01000-0128C             100
                         018FB-01FFF             100

                                  Symbol Table

?_ADCC_GetSingleConversion                cstackCOMMON 00072
?_STORAGE_GetLmax                         cstackCOMMON 00072
?_STORAGE_GetLmin                         cstackCOMMON 00072
?_STORAGE_GetTmax                         cstackCOMMON 00072
?_STORAGE_GetTmin                         cstackCOMMON 00072
?___awdiv                                 cstackCOMMON 00072
?___awmod                                 cstackCOMMON 00072
?___lwdiv                                 cstackCOMMON 00072
?___lwmod                                 cstackCOMMON 00072
?___wmul                                  cstackCOMMON 00072
?_abs                                     cstackCOMMON 00078
?_ctoa                                    cstackBANK0  00025
?_dtoa                                    cstackBANK0  00032
?_load_rec                                cstackCOMMON 00074
?_pad                                     cstackBANK0  0002B
?_read_prec_or_width                      cstackCOMMON 00078
?_sprintf                                 cstackBANK1  000A0
?_strlen                                  cstackCOMMON 00072
?_utoa                                    cstackBANK0  00032
?_vfpfcnvrt                               cstackBANK0  0003F
?_vfprintf                                cstackBANK0  00050
ADCC_GetSingleConversion@channel          cstackCOMMON 00074
DATAEE_ReadByte@bAdd                      cstackCOMMON 00072
DATAEE_WriteByte@GIEBitValue              cstackCOMMON 00075
DATAEE_WriteByte@bAdd                     cstackCOMMON 00072
DATAEE_WriteByte@bData                    cstackCOMMON 00074
LCDchar@c                                 cstackCOMMON 00079
LCDcmd@c                                  cstackCOMMON 00079
LCDpos@c                                  cstackBANK0  00020
LCDpos@l                                  cstackBANK0  00021
LCDpos@p                                  cstackBANK0  00022
LCDsend2x4@c                              cstackCOMMON 00076
LCDsend2x4@hc                             cstackCOMMON 00077
LCDsend2x4@lc                             cstackCOMMON 00078
LCDsend2x4@mode                           cstackCOMMON 00074
LCDsend@c                                 cstackCOMMON 00075
LCDstr@c                                  cstackBANK0  00024
LCDstr@p                                  cstackBANK0  00020
STORAGE_Init@m                            cstackBANK0  0003A
STORAGE_Update@F102                       bssBANK3     001C6
STORAGE_Update@L                          cstackBANK0  00025
STORAGE_Update@T                          cstackBANK0  00029
STORAGE_Update@h                          cstackBANK0  00026
STORAGE_Update@m                          cstackBANK0  00027
STORAGE_Update@r                          cstackBANK0  0002A
STORAGE_Update@s                          cstackBANK0  00028
TMR1_SetInterruptHandler@InterruptHandler cstackCOMMON 00072
TMR1_WriteTimer@timerVal                  cstackCOMMON 00070
WriteI2C@data_out                         cstackCOMMON 00073
_ADACCH                                   (abs)        00091
_ADACCL                                   (abs)        00090
_ADACQ                                    (abs)        0009D
_ADACT                                    (abs)        00099
_ADCAP                                    (abs)        0009B
_ADCC_GetSingleConversion                 text40       01349
_ADCC_Initialize                          text36       013C1
_ADCLK                                    (abs)        00098
_ADCNT                                    (abs)        0010C
_ADCON0                                   (abs)        00093
_ADCON0bits                               (abs)        00093
_ADCON1                                   (abs)        00094
_ADCON1bits                               (abs)        00094
_ADCON2                                   (abs)        00095
_ADCON2bits                               (abs)        00095
_ADCON3                                   (abs)        00096
_ADCON3bits                               (abs)        00096
_ADERRH                                   (abs)        00117
_ADERRL                                   (abs)        00116
_ADFLTRH                                  (abs)        00115
_ADFLTRL                                  (abs)        00114
_ADLTHH                                   (abs)        0010F
_ADLTHL                                   (abs)        0010E
_ADPCH                                    (abs)        0009E
_ADPRE                                    (abs)        0009C
_ADPREVH                                  (abs)        0008F
_ADPREVL                                  (abs)        0008E
_ADREF                                    (abs)        0009A
_ADRESH                                   (abs)        0008D
_ADRESL                                   (abs)        0008C
_ADRPT                                    (abs)        0010D
_ADSTAT                                   (abs)        00097
_ADSTATbits                               (abs)        00097
_ADSTPTH                                  (abs)        00113
_ADSTPTL                                  (abs)        00112
_ADUTHH                                   (abs)        00111
_ADUTHL                                   (abs)        00110
_ANSELA                                   (abs)        00F38
_ANSELB                                   (abs)        00F43
_ANSELC                                   (abs)        00F4E
_ANSELD                                   (abs)        00F59
_ANSELE                                   (abs)        00F64
_DATAEE_ReadByte                          text63       012E3
_DATAEE_WriteByte                         text61       01463
_I2C1_CallbackReturnReset                 (abs)        00000
_I2C1_CallbackReturnStop                  (abs)        00000
_I2C1_DO_ADDRESS_NACK                     (abs)        00000
_I2C1_DO_IDLE                             (abs)        00000
_I2C1_DO_RCEN                             (abs)        00000
_I2C1_DO_RESET                            (abs)        00000
_I2C1_DO_RX                               (abs)        00000
_I2C1_DO_RX_ACK                           (abs)        00000
_I2C1_DO_RX_NACK_RESTART                  (abs)        00000
_I2C1_DO_RX_NACK_STOP                     (abs)        00000
_I2C1_DO_SEND_ADR_READ                    (abs)        00000
_I2C1_DO_SEND_ADR_WRITE                   (abs)        00000
_I2C1_DO_SEND_RESTART                     (abs)        00000
_I2C1_DO_SEND_RESTART_READ                (abs)        00000
_I2C1_DO_SEND_RESTART_WRITE               (abs)        00000
_I2C1_DO_SEND_STOP                        (abs)        00000
_I2C1_DO_TX                               (abs)        00000
_I2C1_DO_TX_EMPTY                         (abs)        00000
_I2C1_Initialize                          text35       012DA
_I2C1_Status                              bssBANK2     00120
_INLVLA                                   (abs)        00F3C
_INLVLB                                   (abs)        00F47
_INLVLC                                   (abs)        00F52
_INLVLD                                   (abs)        00F5D
_INLVLE                                   (abs)        00F68
_INTCONbits                               (abs)        0000B
_INTERRUPT_InterruptManager               intentry     00004
_LATA                                     (abs)        00016
_LATAbits                                 (abs)        00016
_LATB                                     (abs)        00017
_LATC                                     (abs)        00018
_LATD                                     (abs)        00019
_LATE                                     (abs)        0001A
_LCDchar                                  text49       012B9
_LCDcmd                                   text53       012B2
_LCDinit                                  text26       00A84
_LCDpos                                   text52       01380
_LCDsend                                  text27       00801
_LCDsend2x4                               text54       00C57
_LCDstr                                   text48       013D8
_NVMADRH                                  (abs)        0081B
_NVMADRL                                  (abs)        0081A
_NVMCON1bits                              (abs)        0081E
_NVMCON2                                  (abs)        0081F
_NVMDATH                                  (abs)        0081D
_NVMDATL                                  (abs)        0081C
_ODCONA                                   (abs)        00F3A
_ODCONB                                   (abs)        00F45
_ODCONC                                   (abs)        00F50
_ODCOND                                   (abs)        00F5B
_ODCONE                                   (abs)        00F66
_OSCCON1                                  (abs)        0088D
_OSCCON3                                  (abs)        0088F
_OSCEN                                    (abs)        00891
_OSCFRQ                                   (abs)        00893
_OSCILLATOR_Initialize                    text34       012C1
_OSCTUNE                                  (abs)        00892
_OpenI2C                                  text42       012EF
_PIE3bits                                 (abs)        00719
_PIE4bits                                 (abs)        0071A
_PIN_MANAGER_Initialize                   text33       016D0
_PIR3bits                                 (abs)        0070F
_PIR4bits                                 (abs)        00710
_PMD0                                     (abs)        00796
_PMD1                                     (abs)        00797
_PMD2                                     (abs)        00798
_PMD3                                     (abs)        00799
_PMD4                                     (abs)        0079A
_PMD5                                     (abs)        0079B
_PMD_Initialize                           text32       012C9
_PORTBbits                                (abs)        0000D
_PORTCbits                                (abs)        0000E
_RC3PPS                                   (abs)        00F23
_RC4PPS                                   (abs)        00F24
_ReadI2C                                  text39       013F1
_S1_pressed                               bssBANK1     000CF
_S2_pressed                               bssBANK1     000CE
_SLRCONA                                  (abs)        00F3B
_SLRCONB                                  (abs)        00F46
_SLRCONC                                  (abs)        00F51
_SLRCOND                                  (abs)        00F5C
_SLRCONE                                  (abs)        00F67
_SSP1ADD                                  (abs)        0018D
_SSP1BUF                                  (abs)        0018C
_SSP1CLKPPS                               (abs)        00EC5
_SSP1CON1                                 (abs)        00190
_SSP1CON1bits                             (abs)        00190
_SSP1CON2                                 (abs)        00191
_SSP1CON2bits                             (abs)        00191
_SSP1DATPPS                               (abs)        00EC6
_SSP1STAT                                 (abs)        0018F
_SSP1STATbits                             (abs)        0018F
_STORAGE_GetLmax                          text24       012FC
_STORAGE_GetLmin                          text23       0130B
_STORAGE_GetTmax                          text22       0131A
_STORAGE_GetTmin                          text21       01329
_STORAGE_Init                             text58       00E6D
_STORAGE_Reset                            text47       01293
_STORAGE_Update                           text57       00F36
_SYSTEM_Initialize                        text29       0136D
_T1CLK                                    (abs)        00211
_T1CON                                    (abs)        0020E
_T1CONbits                                (abs)        0020E
_T1GATE                                   (abs)        00210
_T1GCON                                   (abs)        0020F
_T1GCONbits                               (abs)        0020F
_TMR1H                                    (abs)        0020D
_TMR1L                                    (abs)        0020C
_TMR1_DefaultInterruptHandler             text68       0128D
_TMR1_ISR                                 text66       013AA
_TMR1_Initialize                          text30       014A0
_TMR1_InterruptHandler                    nvBANK1      000D5
_TMR1_SetInterruptHandler                 text31       012A0
_TMR1_WriteTimer                          text67       01338
_TRISA                                    (abs)        00011
_TRISB                                    (abs)        00012
_TRISC                                    (abs)        00013
_TRISCbits                                (abs)        00013
_TRISD                                    (abs)        00014
_TRISE                                    (abs)        00015
_WPUA                                     (abs)        00F39
_WPUB                                     (abs)        00F44
_WPUC                                     (abs)        00F4F
_WPUD                                     (abs)        00F5A
_WPUE                                     (abs)        00F65
_WriteI2C                                 text55       01717
__H__absolute__                           __absolute__ 00000
__Habs1                                   abs1         00000
__Hbank0                                  bank0        00000
__Hbank1                                  bank1        00000
__Hbank10                                 bank10       00000
__Hbank11                                 bank11       00000
__Hbank12                                 bank12       00000
__Hbank13                                 bank13       00000
__Hbank14                                 bank14       00000
__Hbank15                                 bank15       00000
__Hbank16                                 bank16       00000
__Hbank17                                 bank17       00000
__Hbank18                                 bank18       00000
__Hbank19                                 bank19       00000
__Hbank2                                  bank2        00000
__Hbank20                                 bank20       00000
__Hbank21                                 bank21       00000
__Hbank22                                 bank22       00000
__Hbank23                                 bank23       00000
__Hbank24                                 bank24       00000
__Hbank25                                 bank25       00000
__Hbank26                                 bank26       00000
__Hbank27                                 bank27       00000
__Hbank28                                 bank28       00000
__Hbank29                                 bank29       00000
__Hbank3                                  bank3        00000
__Hbank30                                 bank30       00000
__Hbank31                                 bank31       00000
__Hbank4                                  bank4        00000
__Hbank5                                  bank5        00000
__Hbank6                                  bank6        00000
__Hbank7                                  bank7        00000
__Hbank8                                  bank8        00000
__Hbank9                                  bank9        00000
__Hbigram                                 bigram       00000
__HbssBANK0                               bssBANK0     00000
__HbssBANK1                               bssBANK1     00000
__HbssBANK2                               bssBANK2     00000
__HbssBANK3                               bssBANK3     00000
__HbssCOMMON                              bssCOMMON    00000
__Hcinit                                  cinit        00066
__Hclrtext                                clrtext      00000
__Hcode                                   code         00000
__Hcommon                                 common       00000
__Hconfig                                 config       0800C
__HcstackBANK0                            cstackBANK0  00000
__HcstackBANK1                            cstackBANK1  00000
__HcstackBANK3                            cstackBANK3  00000
__HcstackCOMMON                           cstackCOMMON 00000
__HdataBANK1                              dataBANK1    00000
__HdataBANK2                              dataBANK2    00000
__HdataBANK3                              dataBANK3    00000
__Heeprom_data                            eeprom_data  00000
__Hend_init                               end_init     0001E
__Hfunctab                                functab      00000
__Hheap                                   heap         00000
__HidataBANK1                             idataBANK1   00000
__HidataBANK2                             idataBANK2   00000
__HidataBANK3                             idataBANK3   00000
__Hinit                                   init         0001C
__Hinittext                               inittext     00000
__Hintentry                               intentry     0001C
__Hmaintext                               maintext     00000
__HnvBANK1                                nvBANK1      00000
__Hpowerup                                powerup      00000
__Hram                                    ram          00000
__Hreset_vec                              reset_vec    00002
__Hsfr0                                   sfr0         00000
__Hsfr1                                   sfr1         00000
__Hsfr10                                  sfr10        00000
__Hsfr11                                  sfr11        00000
__Hsfr12                                  sfr12        00000
__Hsfr13                                  sfr13        00000
__Hsfr14                                  sfr14        00000
__Hsfr15                                  sfr15        00000
__Hsfr16                                  sfr16        00000
__Hsfr17                                  sfr17        00000
__Hsfr18                                  sfr18        00000
__Hsfr19                                  sfr19        00000
__Hsfr2                                   sfr2         00000
__Hsfr20                                  sfr20        00000
__Hsfr21                                  sfr21        00000
__Hsfr22                                  sfr22        00000
__Hsfr23                                  sfr23        00000
__Hsfr24                                  sfr24        00000
__Hsfr25                                  sfr25        00000
__Hsfr26                                  sfr26        00000
__Hsfr27                                  sfr27        00000
__Hsfr28                                  sfr28        00000
__Hsfr29                                  sfr29        00000
__Hsfr3                                   sfr3         00000
__Hsfr30                                  sfr30        00000
__Hsfr31                                  sfr31        00000
__Hsfr4                                   sfr4         00000
__Hsfr5                                   sfr5         00000
__Hsfr6                                   sfr6         00000
__Hsfr7                                   sfr7         00000
__Hsfr8                                   sfr8         00000
__Hsfr9                                   sfr9         00000
__Hsivt                                   sivt         0001C
__Hspace_0                                (abs)        018FB
__Hspace_1                                (abs)        001F0
__Hspace_2                                (abs)        00000
__Hspace_3                                (abs)        00000
__Hspace_4                                (abs)        10013
__Hstack                                  stack        00000
__Hstrings                                strings      00000
__Hstringtext1                            stringtext1  00000
__Hstringtext10                           stringtext10 00000
__Hstringtext11                           stringtext11 00000
__Hstringtext12                           stringtext12 00000
__Hstringtext13                           stringtext13 00000
__Hstringtext14                           stringtext14 00000
__Hstringtext2                            stringtext2  00000
__Hstringtext3                            stringtext3  00000
__Hstringtext4                            stringtext4  00000
__Hstringtext5                            stringtext5  00000
__Hstringtext6                            stringtext6  00000
__Hstringtext7                            stringtext7  00000
__Hstringtext8                            stringtext8  00000
__Hstringtext9                            stringtext9  00000
__Htext                                   text         00000
__L__absolute__                           __absolute__ 00000
__Labs1                                   abs1         00000
__Lbank0                                  bank0        00000
__Lbank1                                  bank1        00000
__Lbank10                                 bank10       00000
__Lbank11                                 bank11       00000
__Lbank12                                 bank12       00000
__Lbank13                                 bank13       00000
__Lbank14                                 bank14       00000
__Lbank15                                 bank15       00000
__Lbank16                                 bank16       00000
__Lbank17                                 bank17       00000
__Lbank18                                 bank18       00000
__Lbank19                                 bank19       00000
__Lbank2                                  bank2        00000
__Lbank20                                 bank20       00000
__Lbank21                                 bank21       00000
__Lbank22                                 bank22       00000
__Lbank23                                 bank23       00000
__Lbank24                                 bank24       00000
__Lbank25                                 bank25       00000
__Lbank26                                 bank26       00000
__Lbank27                                 bank27       00000
__Lbank28                                 bank28       00000
__Lbank29                                 bank29       00000
__Lbank3                                  bank3        00000
__Lbank30                                 bank30       00000
__Lbank31                                 bank31       00000
__Lbank4                                  bank4        00000
__Lbank5                                  bank5        00000
__Lbank6                                  bank6        00000
__Lbank7                                  bank7        00000
__Lbank8                                  bank8        00000
__Lbank9                                  bank9        00000
__Lbigram                                 bigram       00000
__LbssBANK0                               bssBANK0     00000
__LbssBANK1                               bssBANK1     00000
__LbssBANK2                               bssBANK2     00000
__LbssBANK3                               bssBANK3     00000
__LbssCOMMON                              bssCOMMON    00000
__Lcinit                                  cinit        0001E
__Lclrtext                                clrtext      00000
__Lcode                                   code         00000
__Lcommon                                 common       00000
__Lconfig                                 config       00000
__LcstackBANK0                            cstackBANK0  00000
__LcstackBANK1                            cstackBANK1  00000
__LcstackBANK3                            cstackBANK3  00000
__LcstackCOMMON                           cstackCOMMON 00000
__LdataBANK1                              dataBANK1    00000
__LdataBANK2                              dataBANK2    00000
__LdataBANK3                              dataBANK3    00000
__Leeprom_data                            eeprom_data  00000
__Lend_init                               end_init     0001C
__Lfunctab                                functab      00000
__Lheap                                   heap         00000
__LidataBANK1                             idataBANK1   00000
__LidataBANK2                             idataBANK2   00000
__LidataBANK3                             idataBANK3   00000
__Linit                                   init         0001C
__Linittext                               inittext     00000
__Lintentry                               intentry     00004
__Lmaintext                               maintext     00000
__LnvBANK1                                nvBANK1      00000
__Lpowerup                                powerup      00000
__Lram                                    ram          00000
__Lreset_vec                              reset_vec    00000
__Lsfr0                                   sfr0         00000
__Lsfr1                                   sfr1         00000
__Lsfr10                                  sfr10        00000
__Lsfr11                                  sfr11        00000
__Lsfr12                                  sfr12        00000
__Lsfr13                                  sfr13        00000
__Lsfr14                                  sfr14        00000
__Lsfr15                                  sfr15        00000
__Lsfr16                                  sfr16        00000
__Lsfr17                                  sfr17        00000
__Lsfr18                                  sfr18        00000
__Lsfr19                                  sfr19        00000
__Lsfr2                                   sfr2         00000
__Lsfr20                                  sfr20        00000
__Lsfr21                                  sfr21        00000
__Lsfr22                                  sfr22        00000
__Lsfr23                                  sfr23        00000
__Lsfr24                                  sfr24        00000
__Lsfr25                                  sfr25        00000
__Lsfr26                                  sfr26        00000
__Lsfr27                                  sfr27        00000
__Lsfr28                                  sfr28        00000
__Lsfr29                                  sfr29        00000
__Lsfr3                                   sfr3         00000
__Lsfr30                                  sfr30        00000
__Lsfr31                                  sfr31        00000
__Lsfr4                                   sfr4         00000
__Lsfr5                                   sfr5         00000
__Lsfr6                                   sfr6         00000
__Lsfr7                                   sfr7         00000
__Lsfr8                                   sfr8         00000
__Lsfr9                                   sfr9         00000
__Lsivt                                   sivt         0001C
__Lspace_0                                (abs)        00000
__Lspace_1                                (abs)        00000
__Lspace_2                                (abs)        00000
__Lspace_3                                (abs)        00000
__Lspace_4                                (abs)        00000
__Lstack                                  stack        00000
__Lstrings                                strings      00000
__Lstringtext1                            stringtext1  00000
__Lstringtext10                           stringtext10 00000
__Lstringtext11                           stringtext11 00000
__Lstringtext12                           stringtext12 00000
__Lstringtext13                           stringtext13 00000
__Lstringtext14                           stringtext14 00000
__Lstringtext2                            stringtext2  00000
__Lstringtext3                            stringtext3  00000
__Lstringtext4                            stringtext4  00000
__Lstringtext5                            stringtext5  00000
__Lstringtext6                            stringtext6  00000
__Lstringtext7                            stringtext7  00000
__Lstringtext8                            stringtext8  00000
__Lstringtext9                            stringtext9  00000
__Ltext                                   text         00000
__S0                                      (abs)        018FB
__S1                                      (abs)        001F0
__S3                                      (abs)        00000
___awdiv                                  text17       008F0
___awdiv@counter                          cstackCOMMON 00076
___awdiv@dividend                         cstackCOMMON 00074
___awdiv@divisor                          cstackCOMMON 00072
___awdiv@quotient                         cstackCOMMON 00078
___awdiv@sign                             cstackCOMMON 00077
___awmod                                  text46       017AF
___awmod@counter                          cstackCOMMON 00076
___awmod@dividend                         cstackCOMMON 00074
___awmod@divisor                          cstackCOMMON 00072
___awmod@sign                             cstackCOMMON 00077
___heap_hi                                (abs)        00000
___heap_lo                                (abs)        00000
___int_sp                                 stack        00000
___int_stack_hi                           stack        00000
___int_stack_lo                           stack        00000
___latbits                                (abs)        00002
___lwdiv                                  text9        015D1
___lwdiv@counter                          cstackCOMMON 00076
___lwdiv@dividend                         cstackCOMMON 00074
___lwdiv@divisor                          cstackCOMMON 00072
___lwdiv@quotient                         cstackCOMMON 00077
___lwmod                                  text8        01566
___lwmod@counter                          cstackCOMMON 00076
___lwmod@dividend                         cstackCOMMON 00074
___lwmod@divisor                          cstackCOMMON 00072
___sp                                     stack        00000
___stack_hi                               stack        00000
___stack_lo                               stack        00000
___stackhi                                (abs)        00000
___stacklo                                (abs)        00000
___wmul                                   text11       01481
___wmul@multiplicand                      cstackCOMMON 00074
___wmul@multiplier                        cstackCOMMON 00072
___wmul@product                           cstackCOMMON 00076
__end_of_ADCC_GetSingleConversion         text40       0135B
__end_of_ADCC_Initialize                  text36       013D8
__end_of_DATAEE_ReadByte                  text63       012EF
__end_of_DATAEE_WriteByte                 text61       01481
__end_of_I2C1_Initialize                  text35       012E3
__end_of_INTERRUPT_InterruptManager       intentry     0001C
__end_of_LCDchar                          text49       012C1
__end_of_LCDcmd                           text53       012B9
__end_of_LCDinit                          text26       00B00
__end_of_LCDpos                           text52       01395
__end_of_LCDsend                          text27       00844
__end_of_LCDsend2x4                       text54       00D08
__end_of_LCDstr                           text48       013F1
__end_of_OSCILLATOR_Initialize            text34       012C9
__end_of_OpenI2C                          text42       012FC
__end_of_PIN_MANAGER_Initialize           text33       01717
__end_of_PMD_Initialize                   text32       012D1
__end_of_ReadI2C                          text39       0140B
__end_of_STORAGE_GetLmax                  text24       0130B
__end_of_STORAGE_GetLmin                  text23       0131A
__end_of_STORAGE_GetTmax                  text22       01329
__end_of_STORAGE_GetTmin                  text21       01338
__end_of_STORAGE_Init                     text58       00F36
__end_of_STORAGE_Reset                    text47       01297
__end_of_STORAGE_Update                   text57       01000
__end_of_SYSTEM_Initialize                text29       01380
__end_of_TMR1_DefaultInterruptHandler     text68       01290
__end_of_TMR1_ISR                         text66       013C1
__end_of_TMR1_Initialize                  text30       014C0
__end_of_TMR1_SetInterruptHandler         text31       012A6
__end_of_TMR1_WriteTimer                  text67       01349
__end_of_WriteI2C                         text55       01762
__end_of___awdiv                          text17       0094B
__end_of___awmod                          text46       01800
__end_of___lwdiv                          text9        0160B
__end_of___lwmod                          text8        01598
__end_of___wmul                           text11       014A0
__end_of__initialization                  cinit        00062
__end_of_abs                              text16       0136D
__end_of_alarms_update                    text56       00BAB
__end_of_buttons_update                   text44       0168D
__end_of_clock_update_1s                  text43       01428
__end_of_ctoa                             text18       00A10
__end_of_dtoa                             text12       00E6D
__end_of_fputc                            text19       008F0
__end_of_fputs                            text15       014E4
__end_of_i2c1_fsmStateTable               stringtext1  01820
__end_of_invalid                          text64       01463
__end_of_load_rec                         text62       017AF
__end_of_main                             maintext     015D1
__end_of_pad                              text13       00897
__end_of_putch                            text20       00004
__end_of_readTC74                         text38       00729
__end_of_read_prec_or_width               text10       009A7
__end_of_save_rec                         text60       016D0
__end_of_sensors_init                     text41       0129B
__end_of_sensors_update                   text37       0164B
__end_of_set_defaults                     text59       007FB
__end_of_sprintf                          text4        0150B
__end_of_strlen                           text14       013AA
__end_of_system_init                      text28       01445
__end_of_ui_init                          text25       01566
__end_of_ui_next_state                    text50       00DBA
__end_of_ui_normal                        text51       012DA
__end_of_ui_select                        text45       00620
__end_of_ui_show_records                  text3        0050B
__end_of_ui_time_update                   text2        0039D
__end_of_ui_update                        text1        00C57
__end_of_utoa                             text7        00A84
__end_of_vfpfcnvrt                        text6        00204
__end_of_vfprintf                         text5        01535
__initialization                          cinit        0001E
__pbssBANK0                               bssBANK0     00066
__pbssBANK1                               bssBANK1     000C3
__pbssBANK2                               bssBANK2     00120
__pbssBANK3                               bssBANK3     001C6
__pbssCOMMON                              bssCOMMON    0007A
__pcstackBANK0                            cstackBANK0  00020
__pcstackBANK1                            cstackBANK1  000A0
__pcstackBANK3                            cstackBANK3  001A0
__pcstackCOMMON                           cstackCOMMON 00070
__pdataBANK1                              dataBANK1    000D2
__pdataBANK2                              dataBANK2    00169
__pdataBANK3                              dataBANK3    001EB
__pidataBANK1                             idataBANK1   01290
__pidataBANK2                             idataBANK2   007FB
__pidataBANK3                             idataBANK3   0129B
__pintentry                               intentry     00004
__pmaintext                               maintext     01598
__pnvBANK1                                nvBANK1      000D5
__pstringtext1                            stringtext1  01800
__pstringtext10                           stringtext10 018C6
__pstringtext11                           stringtext11 018D8
__pstringtext12                           stringtext12 018E5
__pstringtext13                           stringtext13 018F0
__pstringtext14                           stringtext14 00000
__pstringtext2                            stringtext2  01820
__pstringtext3                            stringtext3  0183C
__pstringtext4                            stringtext4  01855
__pstringtext5                            stringtext5  0186A
__pstringtext6                            stringtext6  0187D
__pstringtext7                            stringtext7  01890
__pstringtext8                            stringtext8  018A2
__pstringtext9                            stringtext9  018B4
__ptext1                                  text1        00BAB
__ptext10                                 text10       0094B
__ptext11                                 text11       01481
__ptext12                                 text12       00DBA
__ptext13                                 text13       00844
__ptext14                                 text14       01395
__ptext15                                 text15       014C0
__ptext16                                 text16       0135B
__ptext17                                 text17       008F0
__ptext18                                 text18       009A7
__ptext19                                 text19       00897
__ptext2                                  text2        00204
__ptext20                                 text20       00003
__ptext21                                 text21       01329
__ptext22                                 text22       0131A
__ptext23                                 text23       0130B
__ptext24                                 text24       012FC
__ptext25                                 text25       01535
__ptext26                                 text26       00A84
__ptext27                                 text27       00801
__ptext28                                 text28       01428
__ptext29                                 text29       0136D
__ptext3                                  text3        0039D
__ptext30                                 text30       014A0
__ptext31                                 text31       012A0
__ptext32                                 text32       012C9
__ptext33                                 text33       016D0
__ptext34                                 text34       012C1
__ptext35                                 text35       012DA
__ptext36                                 text36       013C1
__ptext37                                 text37       0160B
__ptext38                                 text38       00620
__ptext39                                 text39       013F1
__ptext4                                  text4        014E4
__ptext40                                 text40       01349
__ptext41                                 text41       01297
__ptext42                                 text42       012EF
__ptext43                                 text43       0140B
__ptext44                                 text44       0164B
__ptext45                                 text45       0050B
__ptext46                                 text46       017AF
__ptext47                                 text47       01293
__ptext48                                 text48       013D8
__ptext49                                 text49       012B9
__ptext5                                  text5        0150B
__ptext50                                 text50       00D08
__ptext51                                 text51       012D1
__ptext52                                 text52       01380
__ptext53                                 text53       012B2
__ptext54                                 text54       00C57
__ptext55                                 text55       01717
__ptext56                                 text56       00B00
__ptext57                                 text57       00F36
__ptext58                                 text58       00E6D
__ptext59                                 text59       00729
__ptext6                                  text6        00066
__ptext60                                 text60       0168D
__ptext61                                 text61       01463
__ptext62                                 text62       01762
__ptext63                                 text63       012E3
__ptext64                                 text64       01445
__ptext66                                 text66       013AA
__ptext67                                 text67       01338
__ptext68                                 text68       0128D
__ptext7                                  text7        00A10
__ptext8                                  text8        01566
__ptext9                                  text9        015D1
_abs                                      text16       0135B
_alarm_edit_step                          bssCOMMON    0007B
_alarms_update                            text56       00B00
_buttons_update                           text44       0164B
_clock_update_1s                          text43       0140B
_ctoa                                     text18       009A7
_dbuf                                     bssBANK3     001CB
_dtoa                                     text12       00DBA
_dtoa$3296                                cstackBANK0  00037
_flags                                    bssBANK0     0006A
_fputc                                    text19       00897
_fputs                                    text15       014C0
_i2c1_fsmStateTable                       stringtext1  01800
_invalid                                  text64       01445
_invalid$1056                             cstackCOMMON 00077
_load_rec                                 text62       01762
_luminosity_value                         bssBANK1     000D0
_main                                     maintext     01598
_nout                                     bssBANK1     000C8
_pad                                      text13       00844
_prec                                     bssBANK1     000CA
_putch                                    text20       00003
_r_lmax                                   bssBANK2     0015F
_r_lmin                                   bssBANK2     0015A
_r_tmax                                   bssBANK1     000C3
_r_tmin                                   bssBANK2     00164
_rd1RegCompleteHandler                    (abs)        00000
_rd2RegCompleteHandler                    (abs)        00000
_rdBlkRegCompleteHandler                  (abs)        00000
_readTC74                                 text38       00620
_read_prec_or_width                       text10       0094B
_record_page                              bssCOMMON    0007A
_save_rec                                 text60       0168D
_sensors_init                             text41       01297
_sensors_update                           text37       0160B
_set_defaults                             text59       00729
_sprintf                                  text4        014E4
_strlen                                   text14       01395
_system                                   bssBANK2     0013D
_system_init                              text28       01428
_temperature_value                        bssBANK1     000D1
_timer1ReloadVal                          bssBANK0     00068
_ui_init                                  text25       01535
_ui_next_state                            text50       00D08
_ui_normal                                text51       012D1
_ui_select                                text45       0050B
_ui_show_records                          text3        0039D
_ui_state                                 bssBANK1     000CC
_ui_time_update                           text2        00204
_ui_time_update$1229                      cstackBANK3  001B1
_ui_time_update$1230                      cstackBANK3  001B3
_ui_time_update$1231                      cstackBANK3  001B5
_ui_time_update$1232                      cstackBANK3  001B7
_ui_time_update$1242                      cstackBANK3  001B9
_ui_update                                text1        00BAB
_utoa                                     text7        00A10
_vfpfcnvrt                                text6        00066
_vfprintf                                 text5        0150B
_width                                    bssBANK0     00066
_wr1RegCompleteHandler                    (abs)        00000
_wr2RegCompleteHandler                    (abs)        00000
abs@a                                     cstackCOMMON 00078
alarms_update@l_on                        cstackCOMMON 00077
alarms_update@new_alarm                   cstackCOMMON 00075
alarms_update@prev_sec                    bssBANK0     0006B
alarms_update@t_on                        cstackCOMMON 00076
btemp                                     (abs)        0007E
btemp0                                    (abs)        0007E
btemp1                                    (abs)        0007F
buttons_update@now_S1                     cstackBANK0  0003B
buttons_update@now_S2                     cstackBANK0  0003C
buttons_update@prev_S1                    dataBANK1    000D4
buttons_update@prev_S2                    dataBANK1    000D3
clear_ram0                                clrtext      012A6
ctoa@c                                    cstackBANK0  00027
ctoa@fp                                   cstackBANK0  00025
ctoa@l                                    cstackBANK0  00028
ctoa@w                                    cstackBANK0  0002A
dtoa@d                                    cstackBANK0  00034
dtoa@fp                                   cstackBANK0  00032
dtoa@i                                    cstackBANK0  0003D
dtoa@p                                    cstackBANK0  00039
dtoa@s                                    cstackBANK0  0003C
dtoa@w                                    cstackBANK0  0003A
end_of_initialization                     cinit        00062
fputc@c                                   cstackCOMMON 00072
fputc@fp                                  cstackCOMMON 00074
fputs@c                                   cstackBANK0  00028
fputs@fp                                  cstackBANK0  00026
fputs@i                                   cstackBANK0  00029
fputs@s                                   cstackBANK0  00025
init_ram                                  inittext     012AC
int$flags                                 (abs)        0007E
intlevel0                                 functab      00000
intlevel1                                 functab      00000
intlevel2                                 functab      00000
intlevel3                                 functab      00000
intlevel4                                 functab      00000
intlevel5                                 functab      00000
invalid@r                                 cstackCOMMON 00072
load_rec@addr                             cstackBANK0  00022
load_rec@r                                cstackBANK0  00023
ltemp0a                                   (abs)        00080
pad@buf                                   cstackBANK0  0002D
pad@fp                                    cstackBANK0  0002B
pad@i                                     cstackBANK0  00030
pad@p                                     cstackBANK0  0002E
readTC74@value                            cstackCOMMON 00075
read_prec_or_width@ap                     cstackCOMMON 00079
read_prec_or_width@c                      cstackBANK0  00023
read_prec_or_width@fmt                    cstackCOMMON 00078
read_prec_or_width@n                      cstackBANK0  00024
reset_vec                                 reset_vec    00000
save_rec@addr                             cstackCOMMON 00078
save_rec@r                                cstackBANK0  00020
sensors_update@adc_val                    cstackCOMMON 00077
sensors_update@level                      cstackCOMMON 00076
sensors_update@sec_count                  bssBANK1     000CD
set_defaults@86                           cstackBANK0  00025
set_defaults@88                           cstackBANK0  0002A
set_defaults@90                           cstackBANK0  0002F
set_defaults@92                           cstackBANK0  00034
set_defaults@F85                          bssBANK2     00155
set_defaults@F87                          dataBANK2    00169
set_defaults@F89                          bssBANK2     00150
set_defaults@F91                          dataBANK3    001EB
sprintf@ap                                cstackBANK0  00058
sprintf@f                                 cstackBANK0  00059
sprintf@fmt                               cstackBANK1  000A1
sprintf@s                                 cstackBANK1  000A0
start                                     init         0001C
start_initialization                      cinit        0001E
strlen@a                                  cstackCOMMON 00074
strlen@s                                  cstackCOMMON 00072
ttemp0a                                   (abs)        0007F
ui_show_records@buf                       cstackBANK3  001A0
ui_show_records@last_page                 dataBANK1    000D2
ui_show_records@lmax                      cstackBANK3  001BC
ui_show_records@lmin                      cstackBANK3  001C1
ui_show_records@page                      cstackBANK3  001B1
ui_show_records@tmax                      cstackBANK3  001B2
ui_show_records@tmin                      cstackBANK3  001B7
ui_time_update@buf                        cstackBANK3  001A0
ui_time_update@cA                         cstackBANK3  001BF
ui_time_update@cC                         cstackBANK3  001BC
ui_time_update@cL                         cstackBANK3  001BE
ui_time_update@cR                         cstackBANK3  001BB
ui_time_update@cT                         cstackBANK3  001BD
utoa@d                                    cstackBANK0  00034
utoa@fp                                   cstackBANK0  00032
utoa@i                                    cstackBANK0  00039
utoa@p                                    cstackBANK0  00036
utoa@w                                    cstackBANK0  00037
vfpfcnvrt@ap                              cstackBANK0  00042
vfpfcnvrt@c                               cstackBANK0  00048
vfpfcnvrt@convarg                         cstackBANK0  0004A
vfpfcnvrt@cp                              cstackBANK0  0004E
vfpfcnvrt@done                            cstackBANK0  00049
vfpfcnvrt@fmt                             cstackBANK0  00041
vfpfcnvrt@fp                              cstackBANK0  0003F
vfprintf@ap                               cstackBANK0  00054
vfprintf@cfmt                             cstackBANK0  00056
vfprintf@fmt                              cstackBANK0  00052
vfprintf@fp                               cstackBANK0  00050
wtemp0                                    (abs)        0007E
wtemp0a                                   (abs)        0007F


MODULE INFORMATION

Module		Function		Class		Link	Load	Size
C:\Program Files\Microchip\xc8\v3.10\pic\sources\c99\common\lwmod.c
		___lwmod       		CODE           	1566	0000	50

C:\Program Files\Microchip\xc8\v3.10\pic\sources\c99\common\lwmod.c estimated size: 50

C:\Program Files\Microchip\xc8\v3.10\pic\sources\c99\common\awmod.c
		___awmod       		CODE           	17AF	0000	81

C:\Program Files\Microchip\xc8\v3.10\pic\sources\c99\common\awmod.c estimated size: 81

C:\Program Files\Microchip\xc8\v3.10\pic\sources\c99\common\putch.c
		_putch         		CODE           	0003	0000	1

C:\Program Files\Microchip\xc8\v3.10\pic\sources\c99\common\putch.c estimated size: 1

modules/ui.c
		_ui_show_records		CODE           	039D	0000	366
		_ui_update     		CODE           	0BAB	0000	172
		_ui_normal     		CODE           	12D1	0000	9
		_ui_init       		CODE           	1535	0000	49
		_ui_select     		CODE           	050B	0000	277
		_ui_next_state 		CODE           	0D08	0000	178
		_ui_time_update		CODE           	0204	0000	409

modules/ui.c estimated size: 1460

mcc_generated_files/i2c1_master.c
		_I2C1_Initialize		CODE           	12DA	0000	9

mcc_generated_files/i2c1_master.c estimated size: 9

mcc_generated_files/interrupt_manager.c
		_INTERRUPT_InterruptManager		CODE           	0004	0000	24

mcc_generated_files/interrupt_manager.c estimated size: 24

C:\Program Files\Microchip\xc8\v3.10\pic\sources\c99\common\abs.c
		_abs           		CODE           	135B	0000	18

C:\Program Files\Microchip\xc8\v3.10\pic\sources\c99\common\abs.c estimated size: 18

C:\Program Files\Microchip\xc8\v3.10\pic\sources\c99\common\nf_fputs.c
		_fputs         		CODE           	14C0	0000	36

C:\Program Files\Microchip\xc8\v3.10\pic\sources\c99\common\nf_fputs.c estimated size: 36

mcc_generated_files/pin_manager.c
		_PIN_MANAGER_Initialize		CODE           	16D0	0000	71

mcc_generated_files/pin_manager.c estimated size: 71

I2C/i2c.c
		_ReadI2C       		CODE           	13F1	0000	26
		_WriteI2C      		CODE           	1717	0000	75
		_OpenI2C       		CODE           	12EF	0000	13

I2C/i2c.c estimated size: 114

modules/clock.c
		_clock_update_1s		CODE           	140B	0000	29

modules/clock.c estimated size: 29

C:\Program Files\Microchip\xc8\v3.10\pic\sources\c99\common\lwdiv.c
		___lwdiv       		CODE           	15D1	0000	58

C:\Program Files\Microchip\xc8\v3.10\pic\sources\c99\common\lwdiv.c estimated size: 58

LCD/lcd.c
		_LCDinit       		CODE           	0A84	0000	124
		_LCDsend       		CODE           	0801	0000	67
		_LCDsend2x4    		CODE           	0C57	0000	177
		_LCDstr        		CODE           	13D8	0000	25
		_LCDchar       		CODE           	12B9	0000	8
		_LCDpos        		CODE           	1380	0000	21
		_LCDcmd        		CODE           	12B2	0000	7

LCD/lcd.c estimated size: 429

C:\Program Files\Microchip\xc8\v3.10\pic\sources\c99\common\awdiv.c
		___awdiv       		CODE           	08F0	0000	91

C:\Program Files\Microchip\xc8\v3.10\pic\sources\c99\common\awdiv.c estimated size: 91

C:\Program Files\Microchip\xc8\v3.10\pic\sources\c99\common\nf_sprintf.c
		_sprintf       		CODE           	14E4	0000	39

C:\Program Files\Microchip\xc8\v3.10\pic\sources\c99\common\nf_sprintf.c estimated size: 39

system/system.c
		_system_init   		CODE           	1428	0000	29

system/system.c estimated size: 29

modules/storage.c
		_save_rec      		CODE           	168D	0000	67
		_STORAGE_Init  		CODE           	0E6D	0000	201
		_load_rec      		CODE           	1762	0000	77
		_STORAGE_Reset 		CODE           	1293	0000	4
		_invalid       		CODE           	1445	0000	30
		_STORAGE_Update		CODE           	0F36	0000	202
		_set_defaults  		CODE           	0729	0000	210
		_STORAGE_GetLmin		CODE           	130B	0000	15
		_STORAGE_GetTmin		CODE           	1329	0000	15
		_STORAGE_GetLmax		CODE           	12FC	0000	15
		_STORAGE_GetTmax		CODE           	131A	0000	15

modules/storage.c estimated size: 851

shared
		__initialization		CODE           	001E	0000	68
		_i2c1_fsmStateTable		STRCODE        	1800	0000	32

shared estimated size: 100

C:\Program Files\Microchip\xc8\v3.10\pic\sources\c99\common\strlen.c
		_strlen        		CODE           	1395	0000	21

C:\Program Files\Microchip\xc8\v3.10\pic\sources\c99\common\strlen.c estimated size: 21

mcc_generated_files/mcc.c
		_PMD_Initialize		CODE           	12C9	0000	8
		_OSCILLATOR_Initialize		CODE           	12C1	0000	8
		_SYSTEM_Initialize		CODE           	136D	0000	19

mcc_generated_files/mcc.c estimated size: 35

modules/sensors.c
		_readTC74      		CODE           	0620	0000	265
		_sensors_init  		CODE           	1297	0000	4
		_sensors_update		CODE           	160B	0000	64

modules/sensors.c estimated size: 333

C:\Program Files\Microchip\xc8\v3.10\pic\sources\c99\common\nf_fputc.c
		_fputc         		CODE           	0897	0000	89

C:\Program Files\Microchip\xc8\v3.10\pic\sources\c99\common\nf_fputc.c estimated size: 89

mcc_generated_files/tmr1.c
		_TMR1_Initialize		CODE           	14A0	0000	32
		_TMR1_SetInterruptHandler		CODE           	12A0	0000	6
		_TMR1_DefaultInterruptHandler		CODE           	128D	0000	3
		_TMR1_WriteTimer		CODE           	1338	0000	17
		_TMR1_ISR      		CODE           	13AA	0000	23

mcc_generated_files/tmr1.c estimated size: 81

mcc_generated_files/memory.c
		_DATAEE_WriteByte		CODE           	1463	0000	30
		_DATAEE_ReadByte		CODE           	12E3	0000	12

mcc_generated_files/memory.c estimated size: 42

modules/buttons.c
		_buttons_update		CODE           	164B	0000	66

modules/buttons.c estimated size: 66

modules/alarms.c
		_alarms_update 		CODE           	0B00	0000	171

modules/alarms.c estimated size: 171

mcc_generated_files/adcc.c
		_ADCC_GetSingleConversion		CODE           	1349	0000	18
		_ADCC_Initialize		CODE           	13C1	0000	23

mcc_generated_files/adcc.c estimated size: 41

C:\Program Files\Microchip\xc8\v3.10\pic\sources\c99\common\doprnt.c
		_read_prec_or_width		CODE           	094B	0000	92
		_vfpfcnvrt     		CODE           	0066	0000	414
		_pad           		CODE           	0844	0000	83
		_ctoa          		CODE           	09A7	0000	105
		_dtoa          		CODE           	0DBA	0000	179
		_vfprintf      		CODE           	150B	0000	42
		_utoa          		CODE           	0A10	0000	116

C:\Program Files\Microchip\xc8\v3.10\pic\sources\c99\common\doprnt.c estimated size: 1031

main.c
		_main          		CODE           	1598	0000	57

main.c estimated size: 57

C:\Program Files\Microchip\xc8\v3.10\pic\sources\c99\common\Umul16.c
		___wmul        		CODE           	1481	0000	31

C:\Program Files\Microchip\xc8\v3.10\pic\sources\c99\common\Umul16.c estimated size: 31

